2026-08-03 20:36:13,476 - INFO - ---Inicio del programa---
2026-08-03 20:36:19,719 - INFO - Camara 0 seleccionada e iniciada
2026-08-03 20:36:19,719 - INFO - Conexion modbus exitosa
2026-08-03 20:36:45,842 - INFO - ['NOK\n', 'OK\n', 'NOK\n']
2026-08-03 20:36:45,842 - INFO - [0.99869955, 0.99312794, 0.99802965]
2026-08-03 20:36:45,842 - INFO - ------------------
2026-08-03 20:36:45,883 - INFO - Pieza mala
2026-08-03 20:36:45,964 - INFO - Pieza mala
2026-08-03 20:36:46,046 - INFO - Pieza mala
2026-08-03 20:36:46,127 - INFO - Pieza mala
2026-08-03 20:36:46,209 - INFO - Pieza mala
2026-08-03 20:36:46,290 - INFO - Pieza mala
2026-08-03 20:36:46,372 - INFO - Pieza mala
2026-08-03 20:36:46,452 - INFO - Pieza mala
2026-08-03 20:36:46,534 - INFO - Pieza mala
2026-08-03 20:36:46,615 - INFO - Pieza mala
2026-08-03 20:36:46,697 - INFO - Pieza mala
2026-08-03 20:36:46,779 - INFO - Pieza mala
2026-08-03 20:36:46,860 - INFO - Pieza mala
2026-08-03 20:36:46,941 - INFO - Pieza mala
2026-08-03 20:36:47,022 - INFO - Pieza mala
2026-08-03 20:36:47,101 - INFO - Pieza mala
2026-08-03 20:36:47,182 - INFO - Pieza mala
2026-08-03 20:36:47,263 - INFO - Pieza mala
2026-08-03 20:36:47,343 - INFO - Pieza mala
2026-08-03 20:36:47,424 - INFO - Pieza mala
2026-08-03 20:36:47,506 - INFO - Pieza mala
2026-08-03 20:36:47,588 - INFO - Pieza mala
2026-08-03 20:36:47,670 - INFO - Pieza mala
2026-08-03 20:36:47,752 - INFO - Pieza mala
2026-08-03 20:36:47,835 - INFO - Pieza mala
2026-08-03 20:36:47,917 - INFO - Pieza mala
2026-08-03 20:36:47,998 - INFO - Pieza mala
2026-08-03 20:36:48,080 - INFO - Pieza mala
2026-08-03 20:36:48,162 - INFO - Pieza mala
2026-08-03 20:36:48,244 - INFO - Pieza mala
2026-08-03 20:36:48,324 - INFO - Pieza mala
2026-08-03 20:36:48,406 - INFO - Pieza mala
2026-08-03 20:36:48,486 - INFO - Pieza mala
2026-08-03 20:36:48,568 - INFO - Pieza mala
2026-08-03 20:36:48,651 - INFO - Pieza mala
2026-08-03 20:36:48,731 - INFO - Pieza mala
2026-08-03 20:36:48,812 - INFO - Pieza mala
2026-08-03 20:36:48,894 - INFO - Pieza mala
2026-08-03 20:36:48,976 - INFO - Pieza mala
2026-08-03 20:36:49,057 - INFO - Pieza mala
2026-08-03 20:36:49,138 - INFO - Pieza mala
2026-08-03 20:36:49,220 - INFO - Pieza mala
2026-08-03 20:36:49,300 - INFO - Pieza mala
2026-08-03 20:36:49,382 - INFO - Pieza mala
2026-08-03 20:36:49,462 - INFO - Pieza mala
2026-08-03 20:36:49,544 - INFO - Pieza mala
2026-08-03 20:36:49,625 - INFO - Pieza mala
2026-08-03 20:36:49,707 - INFO - Pieza mala
2026-08-03 20:36:49,788 - INFO - Pieza mala
2026-08-03 20:36:49,869 - INFO - Pieza mala
2026-08-03 20:36:49,951 - INFO - Pieza mala
2026-08-03 20:36:50,031 - INFO - Pieza mala
2026-08-03 20:36:50,112 - INFO - Pieza mala
2026-08-03 20:36:51,229 - INFO - Pieza mala
2026-08-03 20:36:51,331 - INFO - Pieza mala
2026-08-03 20:36:51,411 - INFO - Pieza mala
2026-08-03 20:36:51,493 - INFO - Pieza mala
2026-08-03 20:36:51,573 - INFO - Pieza mala
2026-08-03 20:36:51,655 - INFO - Pieza mala
2026-08-03 20:36:51,736 - INFO - Pieza mala
2026-08-03 20:36:51,819 - INFO - Pieza mala
2026-08-03 20:36:51,900 - INFO - Pieza mala
2026-08-03 20:36:51,981 - INFO - Pieza mala
2026-08-03 20:36:52,081 - INFO - Pieza mala
2026-08-03 20:36:52,162 - INFO - Pieza mala
2026-08-03 20:36:52,243 - INFO - Pieza mala
2026-08-03 20:36:52,325 - INFO - Pieza mala
2026-08-03 20:36:52,406 - INFO - Pieza mala
2026-08-03 20:36:52,487 - INFO - Pieza mala
2026-08-03 20:36:52,568 - INFO - Pieza mala
2026-08-03 20:36:52,650 - INFO - Pieza mala
2026-08-03 20:36:52,751 - INFO - Pieza mala
2026-08-03 20:36:52,832 - INFO - Pieza mala
2026-08-03 20:36:52,913 - INFO - Pieza mala
2026-08-03 20:36:53,013 - INFO - Pieza mala
2026-08-03 20:36:53,094 - INFO - Pieza mala
2026-08-03 20:36:53,176 - INFO - Pieza mala
2026-08-03 20:36:53,258 - INFO - Pieza mala
2026-08-03 20:36:53,339 - INFO - Pieza mala
2026-08-03 20:36:53,421 - INFO - Pieza mala
2026-08-03 20:36:53,501 - INFO - Pieza mala
2026-08-03 20:36:53,582 - INFO - Pieza mala
2026-08-03 20:36:53,664 - INFO - Pieza mala
2026-08-03 20:36:53,745 - INFO - Pieza mala
2026-08-03 20:36:53,825 - INFO - Pieza mala
2026-08-03 20:36:53,907 - INFO - Pieza mala
2026-08-03 20:36:53,989 - INFO - Pieza mala
2026-08-03 20:36:54,070 - INFO - Pieza mala
2026-08-03 20:36:54,151 - INFO - Pieza mala
2026-08-03 20:36:54,230 - INFO - Pieza mala
2026-08-03 20:36:54,312 - INFO - Pieza mala
2026-08-03 20:36:54,393 - INFO - Pieza mala
2026-08-03 20:36:54,475 - INFO - Pieza mala
2026-08-03 20:36:54,556 - INFO - Pieza mala
2026-08-03 20:36:54,637 - INFO - Pieza mala
2026-08-03 20:36:54,719 - INFO - Pieza mala
2026-08-03 20:36:54,799 - INFO - Pieza mala
2026-08-03 20:36:54,880 - INFO - Pieza mala
2026-08-03 20:36:54,962 - INFO - Pieza mala
2026-08-03 20:36:55,043 - INFO - Pieza mala
2026-08-03 20:36:55,125 - INFO - Pieza mala
2026-08-03 20:36:55,227 - INFO - Pieza mala
2026-08-03 20:36:55,308 - INFO - Pieza mala
2026-08-03 20:36:55,390 - INFO - Pieza mala
2026-08-03 20:36:55,471 - INFO - Pieza mala
2026-08-03 20:36:55,572 - INFO - Pieza mala
2026-08-03 20:36:55,652 - INFO - Pieza mala
2026-08-03 20:36:55,733 - INFO - Pieza mala
2026-08-03 20:36:55,813 - INFO - Pieza mala
2026-08-03 20:36:55,894 - INFO - Pieza mala
2026-08-03 20:36:55,975 - INFO - Pieza mala
2026-08-03 20:36:56,057 - INFO - Pieza mala
2026-08-03 20:36:56,138 - INFO - Pieza mala
2026-08-03 20:36:56,219 - INFO - Pieza mala
2026-08-03 20:36:56,301 - INFO - Pieza mala
2026-08-03 20:36:56,381 - INFO - Pieza mala
2026-08-03 20:36:56,462 - INFO - Pieza mala
2026-08-03 20:36:56,544 - INFO - Pieza mala
2026-08-03 20:36:56,626 - INFO - Pieza mala
2026-08-03 20:36:56,707 - INFO - Pieza mala
2026-08-03 20:37:52,028 - INFO - ['NOK\n', 'OK\n', 'NOK\n']
2026-08-03 20:37:52,028 - INFO - [0.9348554, 0.99965584, 0.92146194]
2026-08-03 20:37:52,028 - INFO - ------------------
2026-08-03 20:37:52,069 - INFO - Pieza mala
2026-08-03 20:37:52,150 - INFO - Pieza mala
2026-08-03 20:37:52,231 - INFO - Pieza mala
2026-08-03 20:37:52,312 - INFO - Pieza mala
2026-08-03 20:37:52,393 - INFO - Pieza mala
2026-08-03 20:37:52,475 - INFO - Pieza mala
2026-08-03 20:37:52,556 - INFO - Pieza mala
2026-08-03 20:37:52,638 - INFO - Pieza mala
2026-08-03 20:37:52,719 - INFO - Pieza mala
2026-08-03 20:37:52,801 - INFO - Pieza mala
2026-08-03 20:37:52,880 - INFO - Pieza mala
2026-08-03 20:37:52,962 - INFO - Pieza mala
2026-08-03 20:37:53,044 - INFO - Pieza mala
2026-08-03 20:37:53,126 - INFO - Pieza mala
2026-08-03 20:37:53,207 - INFO - Pieza mala
2026-08-03 20:37:53,288 - INFO - Pieza mala
2026-08-03 20:37:53,371 - INFO - Pieza mala
2026-08-03 20:37:53,452 - INFO - Pieza mala
2026-08-03 20:37:53,532 - INFO - Pieza mala
2026-08-03 20:37:53,613 - INFO - Pieza mala
2026-08-03 20:37:53,696 - INFO - Pieza mala
2026-08-03 20:37:53,778 - INFO - Pieza mala
2026-08-03 20:37:53,859 - INFO - Pieza mala
2026-08-03 20:37:53,941 - INFO - Pieza mala
2026-08-03 20:37:54,021 - INFO - Pieza mala
2026-08-03 20:37:54,102 - INFO - Pieza mala
2026-08-03 20:37:54,185 - INFO - Pieza mala
2026-08-03 20:37:54,266 - INFO - Pieza mala
2026-08-03 20:37:54,347 - INFO - Pieza mala
2026-08-03 20:37:54,428 - INFO - Pieza mala
2026-08-03 20:37:54,510 - INFO - Pieza mala
2026-08-03 20:37:54,590 - INFO - Pieza mala
2026-08-03 20:37:54,671 - INFO - Pieza mala
2026-08-03 20:37:54,753 - INFO - Pieza mala
2026-08-03 20:37:54,834 - INFO - Pieza mala
2026-08-03 20:37:54,916 - INFO - Pieza mala
2026-08-03 20:37:54,998 - INFO - Pieza mala
2026-08-03 20:37:55,081 - INFO - Pieza mala
2026-08-03 20:37:55,161 - INFO - Pieza mala
2026-08-03 20:37:55,241 - INFO - Pieza mala
2026-08-03 20:37:55,322 - INFO - Pieza mala
2026-08-03 20:37:55,403 - INFO - Pieza mala
2026-08-03 20:37:55,485 - INFO - Pieza mala
2026-08-03 20:37:55,568 - INFO - Pieza mala
2026-08-03 20:37:55,648 - INFO - Pieza mala
2026-08-03 20:37:55,728 - INFO - Pieza mala
2026-08-03 20:37:55,809 - INFO - Pieza mala
2026-08-03 20:37:55,891 - INFO - Pieza mala
2026-08-03 20:37:55,971 - INFO - Pieza mala
2026-08-03 20:37:56,052 - INFO - Pieza mala
2026-08-03 20:37:56,134 - INFO - Pieza mala
2026-08-03 20:37:56,213 - INFO - Pieza mala
2026-08-03 20:37:56,294 - INFO - Pieza mala
2026-08-03 20:37:57,026 - INFO - Pieza mala
2026-08-03 20:37:57,108 - INFO - Pieza mala
2026-08-03 20:37:57,189 - INFO - Pieza mala
2026-08-03 20:37:57,271 - INFO - Pieza mala
2026-08-03 20:37:57,350 - INFO - Pieza mala
2026-08-03 20:37:57,430 - INFO - Pieza mala
2026-08-03 20:37:57,512 - INFO - Pieza mala
2026-08-03 20:37:57,593 - INFO - Pieza mala
2026-08-03 20:37:57,674 - INFO - Pieza mala
2026-08-03 20:37:57,755 - INFO - Pieza mala
2026-08-03 20:37:57,857 - INFO - Pieza mala
2026-08-03 20:37:57,940 - INFO - Pieza mala
2026-08-03 20:37:58,041 - INFO - Pieza mala
2026-08-03 20:37:58,122 - INFO - Pieza mala
2026-08-03 20:37:58,203 - INFO - Pieza mala
2026-08-03 20:37:58,283 - INFO - Pieza mala
2026-08-03 20:37:58,363 - INFO - Pieza mala
2026-08-03 20:37:58,445 - INFO - Pieza mala
2026-08-03 20:37:58,526 - INFO - Pieza mala
2026-08-03 20:37:58,608 - INFO - Pieza mala
2026-08-03 20:37:58,690 - INFO - Pieza mala
2026-08-03 20:37:58,791 - INFO - Pieza mala
2026-08-03 20:37:58,871 - INFO - Pieza mala
2026-08-03 20:37:58,952 - INFO - Pieza mala
2026-08-03 20:37:59,032 - INFO - Pieza mala
2026-08-03 20:37:59,133 - INFO - Pieza mala
2026-08-03 20:37:59,213 - INFO - Pieza mala
2026-08-03 20:37:59,295 - INFO - Pieza mala
2026-08-03 20:37:59,396 - INFO - Pieza mala
2026-08-03 20:37:59,477 - INFO - Pieza mala
2026-08-03 20:37:59,558 - INFO - Pieza mala
2026-08-03 20:37:59,640 - INFO - Pieza mala
2026-08-03 20:37:59,721 - INFO - Pieza mala
2026-08-03 20:37:59,801 - INFO - Pieza mala
2026-08-03 20:37:59,882 - INFO - Pieza mala
2026-08-03 20:37:59,963 - INFO - Pieza mala
2026-08-03 20:38:00,065 - INFO - Pieza mala
2026-08-03 20:38:00,146 - INFO - Pieza mala
2026-08-03 20:38:00,228 - INFO - Pieza mala
2026-08-03 20:38:00,329 - INFO - Pieza mala
2026-08-03 20:38:00,411 - INFO - Pieza mala
2026-08-03 20:38:00,491 - INFO - Pieza mala
2026-08-03 20:38:00,593 - INFO - Pieza mala
2026-08-03 20:38:00,675 - INFO - Pieza mala
2026-08-03 20:38:00,755 - INFO - Pieza mala
2026-08-03 20:38:00,836 - INFO - Pieza mala
2026-08-03 20:38:00,940 - INFO - Pieza mala
2026-08-03 20:38:01,021 - INFO - Pieza mala
2026-08-03 20:38:01,102 - INFO - Pieza mala
2026-08-03 20:38:01,201 - INFO - Pieza mala
2026-08-03 20:38:01,282 - INFO - Pieza mala
2026-08-03 20:38:01,363 - INFO - Pieza mala
2026-08-03 20:38:01,443 - INFO - Pieza mala
2026-08-03 20:38:01,544 - INFO - Pieza mala
2026-08-03 20:38:01,626 - INFO - Pieza mala
2026-08-03 20:38:01,709 - INFO - Pieza mala
2026-08-03 20:38:01,810 - INFO - Pieza mala
2026-08-03 20:38:01,891 - INFO - Pieza mala
2026-08-03 20:38:01,993 - INFO - Pieza mala
2026-08-03 20:38:02,075 - INFO - Pieza mala
2026-08-03 20:38:02,156 - INFO - Pieza mala
2026-08-03 20:38:02,236 - INFO - Pieza mala
2026-08-03 20:38:02,338 - INFO - Pieza mala
2026-08-03 20:38:02,419 - INFO - Pieza mala
2026-08-03 20:38:02,501 - INFO - Pieza mala
2026-08-03 20:38:02,603 - INFO - Pieza mala
2026-08-03 20:38:02,683 - INFO - Pieza mala
2026-08-03 20:38:02,764 - INFO - Pieza mala
2026-08-03 20:38:02,845 - INFO - Pieza mala
2026-08-03 20:38:58,199 - INFO - ['NOK\n', 'OK\n', 'NOK\n']
2026-08-03 20:38:58,199 - INFO - [0.62791574, 0.99364483, 0.99950373]
2026-08-03 20:38:58,199 - INFO - ------------------
2026-08-03 20:38:58,239 - INFO - Pieza mala
2026-08-03 20:38:58,321 - INFO - Pieza mala
2026-08-03 20:38:58,402 - INFO - Pieza mala
2026-08-03 20:38:58,483 - INFO - Pieza mala
2026-08-03 20:38:58,565 - INFO - Pieza mala
2026-08-03 20:38:58,647 - INFO - Pieza mala
2026-08-03 20:38:58,727 - INFO - Pieza mala
2026-08-03 20:38:58,809 - INFO - Pieza mala
2026-08-03 20:38:58,889 - INFO - Pieza mala
2026-08-03 20:38:58,970 - INFO - Pieza mala
2026-08-03 20:38:59,051 - INFO - Pieza mala
2026-08-03 20:38:59,133 - INFO - Pieza mala
2026-08-03 20:38:59,215 - INFO - Pieza mala
2026-08-03 20:38:59,296 - INFO - Pieza mala
2026-08-03 20:38:59,378 - INFO - Pieza mala
2026-08-03 20:38:59,458 - INFO - Pieza mala
2026-08-03 20:38:59,539 - INFO - Pieza mala
2026-08-03 20:38:59,621 - INFO - Pieza mala
2026-08-03 20:38:59,701 - INFO - Pieza mala
2026-08-03 20:38:59,783 - INFO - Pieza mala
2026-08-03 20:38:59,865 - INFO - Pieza mala
2026-08-03 20:38:59,947 - INFO - Pieza mala
2026-08-03 20:39:00,028 - INFO - Pieza mala
2026-08-03 20:39:00,110 - INFO - Pieza mala
2026-08-03 20:39:00,191 - INFO - Pieza mala
2026-08-03 20:39:00,272 - INFO - Pieza mala
2026-08-03 20:39:00,353 - INFO - Pieza mala
2026-08-03 20:39:00,434 - INFO - Pieza mala
2026-08-03 20:39:00,515 - INFO - Pieza mala
2026-08-03 20:39:00,596 - INFO - Pieza mala
2026-08-03 20:39:00,677 - INFO - Pieza mala
2026-08-03 20:39:00,758 - INFO - Pieza mala
2026-08-03 20:39:00,840 - INFO - Pieza mala
2026-08-03 20:39:00,921 - INFO - Pieza mala
2026-08-03 20:39:01,002 - INFO - Pieza mala
2026-08-03 20:39:01,083 - INFO - Pieza mala
2026-08-03 20:39:01,165 - INFO - Pieza mala
2026-08-03 20:39:01,247 - INFO - Pieza mala
2026-08-03 20:39:01,329 - INFO - Pieza mala
2026-08-03 20:39:01,409 - INFO - Pieza mala
2026-08-03 20:39:01,490 - INFO - Pieza mala
2026-08-03 20:39:01,571 - INFO - Pieza mala
2026-08-03 20:39:01,651 - INFO - Pieza mala
2026-08-03 20:39:01,733 - INFO - Pieza mala
2026-08-03 20:39:01,815 - INFO - Pieza mala
2026-08-03 20:39:01,895 - INFO - Pieza mala
2026-08-03 20:39:01,977 - INFO - Pieza mala
2026-08-03 20:39:02,059 - INFO - Pieza mala
2026-08-03 20:39:02,139 - INFO - Pieza mala
2026-08-03 20:39:02,220 - INFO - Pieza mala
2026-08-03 20:39:02,300 - INFO - Pieza mala
2026-08-03 20:39:02,382 - INFO - Pieza mala
2026-08-03 20:39:02,462 - INFO - Pieza mala
2026-08-03 20:39:02,543 - INFO - Pieza mala
2026-08-03 20:39:02,624 - INFO - Pieza mala
2026-08-03 20:39:02,703 - INFO - Pieza mala
2026-08-03 20:39:02,784 - INFO - Pieza mala
2026-08-03 20:39:02,865 - INFO - Pieza mala
2026-08-03 20:39:02,948 - INFO - Pieza mala
2026-08-03 20:39:03,029 - INFO - Pieza mala
2026-08-03 20:39:03,111 - INFO - Pieza mala
2026-08-03 20:39:03,192 - INFO - Pieza mala
2026-08-03 20:39:03,273 - INFO - Pieza mala
2026-08-03 20:39:03,354 - INFO - Pieza mala
2026-08-03 20:39:03,436 - INFO - Pieza mala
2026-08-03 20:39:03,517 - INFO - Pieza mala
2026-08-03 20:39:03,598 - INFO - Pieza mala
2026-08-03 20:39:03,679 - INFO - Pieza mala
2026-08-03 20:39:03,761 - INFO - Pieza mala
2026-08-03 20:39:03,843 - INFO - Pieza mala
2026-08-03 20:39:03,924 - INFO - Pieza mala
2026-08-03 20:39:04,005 - INFO - Pieza mala
2026-08-03 20:39:04,085 - INFO - Pieza mala
2026-08-03 20:39:04,165 - INFO - Pieza mala
2026-08-03 20:39:04,247 - INFO - Pieza mala
2026-08-03 20:39:04,329 - INFO - Pieza mala
2026-08-03 20:39:04,409 - INFO - Pieza mala
2026-08-03 20:39:04,492 - INFO - Pieza mala
2026-08-03 20:39:04,573 - INFO - Pieza mala
2026-08-03 20:39:04,653 - INFO - Pieza mala
2026-08-03 20:39:04,734 - INFO - Pieza mala
2026-08-03 20:39:04,816 - INFO - Pieza mala
2026-08-03 20:39:04,897 - INFO - Pieza mala
2026-08-03 20:39:04,979 - INFO - Pieza mala
2026-08-03 20:39:05,059 - INFO - Pieza mala
2026-08-03 20:39:05,140 - INFO - Pieza mala
2026-08-03 20:39:05,222 - INFO - Pieza mala
2026-08-03 20:39:05,302 - INFO - Pieza mala
2026-08-03 20:39:05,382 - INFO - Pieza mala
2026-08-03 20:39:05,464 - INFO - Pieza mala
2026-08-03 20:39:05,543 - INFO - Pieza mala
2026-08-03 20:39:05,624 - INFO - Pieza mala
2026-08-03 20:39:05,706 - INFO - Pieza mala
2026-08-03 20:39:05,788 - INFO - Pieza mala
2026-08-03 20:39:05,870 - INFO - Pieza mala
2026-08-03 20:39:05,952 - INFO - Pieza mala
2026-08-03 20:39:06,033 - INFO - Pieza mala
2026-08-03 20:39:06,115 - INFO - Pieza mala
2026-08-03 20:39:06,196 - INFO - Pieza mala
2026-08-03 20:39:06,277 - INFO - Pieza mala
2026-08-03 20:39:06,358 - INFO - Pieza mala
2026-08-03 20:39:06,438 - INFO - Pieza mala
2026-08-03 20:39:06,520 - INFO - Pieza mala
2026-08-03 20:39:06,601 - INFO - Pieza mala
2026-08-03 20:39:06,682 - INFO - Pieza mala
2026-08-03 20:39:06,763 - INFO - Pieza mala
2026-08-03 20:39:06,844 - INFO - Pieza mala
2026-08-03 20:39:06,924 - INFO - Pieza mala
2026-08-03 20:39:07,006 - INFO - Pieza mala
2026-08-03 20:39:07,087 - INFO - Pieza mala
2026-08-03 20:39:07,167 - INFO - Pieza mala
2026-08-03 20:39:07,248 - INFO - Pieza mala
2026-08-03 20:39:07,330 - INFO - Pieza mala
2026-08-03 20:39:07,411 - INFO - Pieza mala
2026-08-03 20:39:07,493 - INFO - Pieza mala
2026-08-03 20:39:07,574 - INFO - Pieza mala
2026-08-03 20:39:07,656 - INFO - Pieza mala
2026-08-03 20:39:07,736 - INFO - Pieza mala
2026-08-03 20:39:07,818 - INFO - Pieza mala
2026-08-03 20:39:07,901 - INFO - Pieza mala
2026-08-03 20:39:07,981 - INFO - Pieza mala
2026-08-03 20:39:08,062 - INFO - Pieza mala
2026-08-03 20:39:08,142 - INFO - Pieza mala
2026-08-03 20:39:08,224 - INFO - Pieza mala
2026-08-03 20:39:08,306 - INFO - Pieza mala
2026-08-03 20:39:08,387 - INFO - Pieza mala
2026-08-03 20:39:08,468 - INFO - Pieza mala
2026-08-03 20:39:08,548 - INFO - Pieza mala
2026-08-03 20:39:08,631 - INFO - Pieza mala
2026-08-03 20:39:08,713 - INFO - Pieza mala
2026-08-03 20:39:08,794 - INFO - Pieza mala
2026-08-03 20:39:08,874 - INFO - Pieza mala
2026-08-03 20:39:08,956 - INFO - Pieza mala
2026-08-03 20:39:09,036 - INFO - Pieza mala
2026-08-03 20:40:04,428 - INFO - ['NOK\n', 'OK\n', 'NOK\n']
2026-08-03 20:40:04,428 - INFO - [0.91844636, 0.9922281, 0.99968874]
2026-08-03 20:40:04,428 - INFO - ------------------
2026-08-03 20:40:04,468 - INFO - Pieza mala
2026-08-03 20:40:04,549 - INFO - Pieza mala
2026-08-03 20:40:04,629 - INFO - Pieza mala
2026-08-03 20:40:04,712 - INFO - Pieza mala
2026-08-03 20:40:04,793 - INFO - Pieza mala
2026-08-03 20:40:04,875 - INFO - Pieza mala
2026-08-03 20:40:04,956 - INFO - Pieza mala
2026-08-03 20:40:05,038 - INFO - Pieza mala
2026-08-03 20:40:05,119 - INFO - Pieza mala
2026-08-03 20:40:05,202 - INFO - Pieza mala
2026-08-03 20:40:05,282 - INFO - Pieza mala
2026-08-03 20:40:05,362 - INFO - Pieza mala
2026-08-03 20:40:05,444 - INFO - Pieza mala
2026-08-03 20:40:05,524 - INFO - Pieza mala
2026-08-03 20:40:05,604 - INFO - Pieza mala
2026-08-03 20:40:05,685 - INFO - Pieza mala
2026-08-03 20:40:05,766 - INFO - Pieza mala
2026-08-03 20:40:05,847 - INFO - Pieza mala
2026-08-03 20:40:05,928 - INFO - Pieza mala
2026-08-03 20:40:06,009 - INFO - Pieza mala
2026-08-03 20:40:06,091 - INFO - Pieza mala
2026-08-03 20:40:06,171 - INFO - Pieza mala
2026-08-03 20:40:06,251 - INFO - Pieza mala
2026-08-03 20:40:06,332 - INFO - Pieza mala
2026-08-03 20:40:06,412 - INFO - Pieza mala
2026-08-03 20:40:06,492 - INFO - Pieza mala
2026-08-03 20:40:06,573 - INFO - Pieza mala
2026-08-03 20:40:06,654 - INFO - Pieza mala
2026-08-03 20:40:06,736 - INFO - Pieza mala
2026-08-03 20:40:06,817 - INFO - Pieza mala
2026-08-03 20:40:06,899 - INFO - Pieza mala
2026-08-03 20:40:06,980 - INFO - Pieza mala
2026-08-03 20:40:07,061 - INFO - Pieza mala
2026-08-03 20:40:07,141 - INFO - Pieza mala
2026-08-03 20:40:07,222 - INFO - Pieza mala
2026-08-03 20:40:07,305 - INFO - Pieza mala
2026-08-03 20:40:07,386 - INFO - Pieza mala
2026-08-03 20:40:07,467 - INFO - Pieza mala
2026-08-03 20:40:07,548 - INFO - Pieza mala
2026-08-03 20:40:07,629 - INFO - Pieza mala
2026-08-03 20:40:07,711 - INFO - Pieza mala
2026-08-03 20:40:07,790 - INFO - Pieza mala
2026-08-03 20:40:07,871 - INFO - Pieza mala
2026-08-03 20:40:07,952 - INFO - Pieza mala
2026-08-03 20:40:08,033 - INFO - Pieza mala
2026-08-03 20:40:08,115 - INFO - Pieza mala
2026-08-03 20:40:08,196 - INFO - Pieza mala
2026-08-03 20:40:08,278 - INFO - Pieza mala
2026-08-03 20:40:08,359 - INFO - Pieza mala
2026-08-03 20:40:08,441 - INFO - Pieza mala
2026-08-03 20:40:08,522 - INFO - Pieza mala
2026-08-03 20:40:08,603 - INFO - Pieza mala
2026-08-03 20:40:08,684 - INFO - Pieza mala
2026-08-03 20:40:08,765 - INFO - Pieza mala
2026-08-03 20:40:08,846 - INFO - Pieza mala
2026-08-03 20:40:08,926 - INFO - Pieza mala
2026-08-03 20:40:09,006 - INFO - Pieza mala
2026-08-03 20:40:09,087 - INFO - Pieza mala
2026-08-03 20:40:09,167 - INFO - Pieza mala
2026-08-03 20:40:09,248 - INFO - Pieza mala
2026-08-03 20:40:09,331 - INFO - Pieza mala
2026-08-03 20:40:09,411 - INFO - Pieza mala
2026-08-03 20:40:09,492 - INFO - Pieza mala
2026-08-03 20:40:09,573 - INFO - Pieza mala
2026-08-03 20:40:09,653 - INFO - Pieza mala
2026-08-03 20:40:09,732 - INFO - Pieza mala
2026-08-03 20:40:09,813 - INFO - Pieza mala
2026-08-03 20:40:09,895 - INFO - Pieza mala
2026-08-03 20:40:09,976 - INFO - Pieza mala
2026-08-03 20:40:10,056 - INFO - Pieza mala
2026-08-03 20:40:10,137 - INFO - Pieza mala
2026-08-03 20:40:10,218 - INFO - Pieza mala
2026-08-03 20:40:10,301 - INFO - Pieza mala
2026-08-03 20:40:10,381 - INFO - Pieza mala
2026-08-03 20:40:10,463 - INFO - Pieza mala
2026-08-03 20:40:10,543 - INFO - Pieza mala
2026-08-03 20:40:10,625 - INFO - Pieza mala
2026-08-03 20:40:10,706 - INFO - Pieza mala
2026-08-03 20:40:10,787 - INFO - Pieza mala
2026-08-03 20:40:10,869 - INFO - Pieza mala
2026-08-03 20:40:10,950 - INFO - Pieza mala
2026-08-03 20:40:11,031 - INFO - Pieza mala
2026-08-03 20:40:11,110 - INFO - Pieza mala
2026-08-03 20:40:11,190 - INFO - Pieza mala
2026-08-03 20:40:11,272 - INFO - Pieza mala
2026-08-03 20:40:11,352 - INFO - Pieza mala
2026-08-03 20:40:11,434 - INFO - Pieza mala
2026-08-03 20:40:11,516 - INFO - Pieza mala
2026-08-03 20:40:11,597 - INFO - Pieza mala
2026-08-03 20:40:11,678 - INFO - Pieza mala
2026-08-03 20:40:11,759 - INFO - Pieza mala
2026-08-03 20:40:11,840 - INFO - Pieza mala
2026-08-03 20:40:11,921 - INFO - Pieza mala
2026-08-03 20:40:12,002 - INFO - Pieza mala
2026-08-03 20:40:12,083 - INFO - Pieza mala
2026-08-03 20:40:12,163 - INFO - Pieza mala
2026-08-03 20:40:12,243 - INFO - Pieza mala
2026-08-03 20:40:12,323 - INFO - Pieza mala
2026-08-03 20:40:12,403 - INFO - Pieza mala
2026-08-03 20:40:12,485 - INFO - Pieza mala
2026-08-03 20:40:12,566 - INFO - Pieza mala
2026-08-03 20:40:12,647 - INFO - Pieza mala
2026-08-03 20:40:12,727 - INFO - Pieza mala
2026-08-03 20:40:12,808 - INFO - Pieza mala
2026-08-03 20:40:12,889 - INFO - Pieza mala
2026-08-03 20:40:12,970 - INFO - Pieza mala
2026-08-03 20:40:13,051 - INFO - Pieza mala
2026-08-03 20:40:13,131 - INFO - Pieza mala
2026-08-03 20:40:13,212 - INFO - Pieza mala
2026-08-03 20:40:13,293 - INFO - Pieza mala
2026-08-03 20:40:13,376 - INFO - Pieza mala
2026-08-03 20:40:13,457 - INFO - Pieza mala
2026-08-03 20:40:13,538 - INFO - Pieza mala
2026-08-03 20:40:13,619 - INFO - Pieza mala
2026-08-03 20:40:13,700 - INFO - Pieza mala
2026-08-03 20:40:13,780 - INFO - Pieza mala
2026-08-03 20:40:13,860 - INFO - Pieza mala
2026-08-03 20:40:13,942 - INFO - Pieza mala
2026-08-03 20:40:14,022 - INFO - Pieza mala
2026-08-03 20:40:14,102 - INFO - Pieza mala
2026-08-03 20:40:14,184 - INFO - Pieza mala
2026-08-03 20:40:14,265 - INFO - Pieza mala
2026-08-03 20:40:14,346 - INFO - Pieza mala
2026-08-03 20:40:14,427 - INFO - Pieza mala
2026-08-03 20:40:14,508 - INFO - Pieza mala
2026-08-03 20:40:14,588 - INFO - Pieza mala
2026-08-03 20:40:14,669 - INFO - Pieza mala
2026-08-03 20:40:14,750 - INFO - Pieza mala
2026-08-03 20:40:14,831 - INFO - Pieza mala
2026-08-03 20:40:14,911 - INFO - Pieza mala
2026-08-03 20:40:14,992 - INFO - Pieza mala
2026-08-03 20:40:15,075 - INFO - Pieza mala
2026-08-03 20:40:15,155 - INFO - Pieza mala
2026-08-03 20:40:15,235 - INFO - Pieza mala
2026-08-03 20:41:10,559 - INFO - ['NOK\n', 'OK\n', 'NOK\n']
2026-08-03 20:41:10,559 - INFO - [0.9722353, 0.8661803, 0.9814518]
2026-08-03 20:41:10,559 - INFO - ------------------
2026-08-03 20:41:10,600 - INFO - Pieza mala
2026-08-03 20:41:10,681 - INFO - Pieza mala
2026-08-03 20:41:10,763 - INFO - Pieza mala
2026-08-03 20:41:10,845 - INFO - Pieza mala
2026-08-03 20:41:10,926 - INFO - Pieza mala
2026-08-03 20:41:11,006 - INFO - Pieza mala
2026-08-03 20:41:11,087 - INFO - Pieza mala
2026-08-03 20:41:11,168 - INFO - Pieza mala
2026-08-03 20:41:11,251 - INFO - Pieza mala
2026-08-03 20:41:11,331 - INFO - Pieza mala
2026-08-03 20:41:11,411 - INFO - Pieza mala
2026-08-03 20:41:11,493 - INFO - Pieza mala
2026-08-03 20:41:11,576 - INFO - Pieza mala
2026-08-03 20:41:11,658 - INFO - Pieza mala
2026-08-03 20:41:11,739 - INFO - Pieza mala
2026-08-03 20:41:11,819 - INFO - Pieza mala
2026-08-03 20:41:11,900 - INFO - Pieza mala
2026-08-03 20:41:11,980 - INFO - Pieza mala
2026-08-03 20:41:12,062 - INFO - Pieza mala
2026-08-03 20:41:12,142 - INFO - Pieza mala
2026-08-03 20:41:12,223 - INFO - Pieza mala
2026-08-03 20:41:12,305 - INFO - Pieza mala
2026-08-03 20:41:12,385 - INFO - Pieza mala
2026-08-03 20:41:12,466 - INFO - Pieza mala
2026-08-03 20:41:12,547 - INFO - Pieza mala
2026-08-03 20:41:12,628 - INFO - Pieza mala
2026-08-03 20:41:12,710 - INFO - Pieza mala
2026-08-03 20:41:12,792 - INFO - Pieza mala
2026-08-03 20:41:12,872 - INFO - Pieza mala
2026-08-03 20:41:12,955 - INFO - Pieza mala
2026-08-03 20:41:13,036 - INFO - Pieza mala
2026-08-03 20:41:13,118 - INFO - Pieza mala
2026-08-03 20:41:13,199 - INFO - Pieza mala
2026-08-03 20:41:13,280 - INFO - Pieza mala
2026-08-03 20:41:13,361 - INFO - Pieza mala
2026-08-03 20:41:13,442 - INFO - Pieza mala
2026-08-03 20:41:13,523 - INFO - Pieza mala
2026-08-03 20:41:13,603 - INFO - Pieza mala
2026-08-03 20:41:13,684 - INFO - Pieza mala
2026-08-03 20:41:13,766 - INFO - Pieza mala
2026-08-03 20:41:13,846 - INFO - Pieza mala
2026-08-03 20:41:13,927 - INFO - Pieza mala
2026-08-03 20:41:14,008 - INFO - Pieza mala
2026-08-03 20:41:14,088 - INFO - Pieza mala
2026-08-03 20:41:14,169 - INFO - Pieza mala
2026-08-03 20:41:14,250 - INFO - Pieza mala
2026-08-03 20:41:14,331 - INFO - Pieza mala
2026-08-03 20:41:14,412 - INFO - Pieza mala
2026-08-03 20:41:14,494 - INFO - Pieza mala
2026-08-03 20:41:14,576 - INFO - Pieza mala
2026-08-03 20:41:14,657 - INFO - Pieza mala
2026-08-03 20:41:14,740 - INFO - Pieza mala
2026-08-03 20:41:14,821 - INFO - Pieza mala
2026-08-03 20:41:14,902 - INFO - Pieza mala
2026-08-03 20:41:14,983 - INFO - Pieza mala
2026-08-03 20:41:15,065 - INFO - Pieza mala
2026-08-03 20:41:15,146 - INFO - Pieza mala
2026-08-03 20:41:15,227 - INFO - Pieza mala
2026-08-03 20:41:15,308 - INFO - Pieza mala
2026-08-03 20:41:15,390 - INFO - Pieza mala
2026-08-03 20:41:15,470 - INFO - Pieza mala
2026-08-03 20:41:15,552 - INFO - Pieza mala
2026-08-03 20:41:15,635 - INFO - Pieza mala
2026-08-03 20:41:15,717 - INFO - Pieza mala
2026-08-03 20:41:15,801 - INFO - Pieza mala
2026-08-03 20:41:15,882 - INFO - Pieza mala
2026-08-03 20:41:15,964 - INFO - Pieza mala
2026-08-03 20:41:16,045 - INFO - Pieza mala
2026-08-03 20:41:16,128 - INFO - Pieza mala
2026-08-03 20:41:16,210 - INFO - Pieza mala
2026-08-03 20:41:16,291 - INFO - Pieza mala
2026-08-03 20:41:16,371 - INFO - Pieza mala
2026-08-03 20:41:16,451 - INFO - Pieza mala
2026-08-03 20:41:16,533 - INFO - Pieza mala
2026-08-03 20:41:16,614 - INFO - Pieza mala
2026-08-03 20:41:16,693 - INFO - Pieza mala
2026-08-03 20:41:16,774 - INFO - Pieza mala
2026-08-03 20:41:16,855 - INFO - Pieza mala
2026-08-03 20:41:16,937 - INFO - Pieza mala
2026-08-03 20:41:17,017 - INFO - Pieza mala
2026-08-03 20:41:17,098 - INFO - Pieza mala
2026-08-03 20:41:17,180 - INFO - Pieza mala
2026-08-03 20:41:17,262 - INFO - Pieza mala
2026-08-03 20:41:17,343 - INFO - Pieza mala
2026-08-03 20:41:17,425 - INFO - Pieza mala
2026-08-03 20:41:17,506 - INFO - Pieza mala
2026-08-03 20:41:17,588 - INFO - Pieza mala
2026-08-03 20:41:17,670 - INFO - Pieza mala
2026-08-03 20:41:17,754 - INFO - Pieza mala
2026-08-03 20:41:17,836 - INFO - Pieza mala
2026-08-03 20:41:17,917 - INFO - Pieza mala
2026-08-03 20:41:17,998 - INFO - Pieza mala
2026-08-03 20:41:18,079 - INFO - Pieza mala
2026-08-03 20:41:18,159 - INFO - Pieza mala
2026-08-03 20:41:18,240 - INFO - Pieza mala
2026-08-03 20:41:18,322 - INFO - Pieza mala
2026-08-03 20:41:18,403 - INFO - Pieza mala
2026-08-03 20:41:18,485 - INFO - Pieza mala
2026-08-03 20:41:18,566 - INFO - Pieza mala
2026-08-03 20:41:18,648 - INFO - Pieza mala
2026-08-03 20:41:18,729 - INFO - Pieza mala
2026-08-03 20:41:18,811 - INFO - Pieza mala
2026-08-03 20:41:18,891 - INFO - Pieza mala
2026-08-03 20:41:18,973 - INFO - Pieza mala
2026-08-03 20:41:19,053 - INFO - Pieza mala
2026-08-03 20:41:19,134 - INFO - Pieza mala
2026-08-03 20:41:19,214 - INFO - Pieza mala
2026-08-03 20:41:19,297 - INFO - Pieza mala
2026-08-03 20:41:19,378 - INFO - Pieza mala
2026-08-03 20:41:19,460 - INFO - Pieza mala
2026-08-03 20:41:19,542 - INFO - Pieza mala
2026-08-03 20:41:19,624 - INFO - Pieza mala
2026-08-03 20:41:19,707 - INFO - Pieza mala
2026-08-03 20:41:19,787 - INFO - Pieza mala
2026-08-03 20:41:19,868 - INFO - Pieza mala
2026-08-03 20:41:19,949 - INFO - Pieza mala
2026-08-03 20:41:20,030 - INFO - Pieza mala
2026-08-03 20:41:20,111 - INFO - Pieza mala
2026-08-03 20:41:20,194 - INFO - Pieza mala
2026-08-03 20:41:20,274 - INFO - Pieza mala
2026-08-03 20:41:20,355 - INFO - Pieza mala
2026-08-03 20:41:20,436 - INFO - Pieza mala
2026-08-03 20:41:20,518 - INFO - Pieza mala
2026-08-03 20:41:20,599 - INFO - Pieza mala
2026-08-03 20:41:20,681 - INFO - Pieza mala
2026-08-03 20:41:20,762 - INFO - Pieza mala
2026-08-03 20:41:20,844 - INFO - Pieza mala
2026-08-03 20:41:20,926 - INFO - Pieza mala
2026-08-03 20:41:21,007 - INFO - Pieza mala
2026-08-03 20:41:21,087 - INFO - Pieza mala
2026-08-03 20:41:21,170 - INFO - Pieza mala
2026-08-03 20:41:21,252 - INFO - Pieza mala
2026-08-03 20:41:21,334 - INFO - Pieza mala
2026-08-03 20:41:21,415 - INFO - Pieza mala
2026-08-03 20:42:16,649 - INFO - ['NOK\n', 'OK\n', 'NOK\n']
2026-08-03 20:42:16,649 - INFO - [0.8039601, 0.9739217, 0.99951124]
2026-08-03 20:42:16,649 - INFO - ------------------
2026-08-03 20:42:16,689 - INFO - Pieza mala
2026-08-03 20:42:16,770 - INFO - Pieza mala
2026-08-03 20:42:16,851 - INFO - Pieza mala
2026-08-03 20:42:16,932 - INFO - Pieza mala
2026-08-03 20:42:17,014 - INFO - Pieza mala
2026-08-03 20:42:17,094 - INFO - Pieza mala
2026-08-03 20:42:17,175 - INFO - Pieza mala
2026-08-03 20:42:17,257 - INFO - Pieza mala
2026-08-03 20:42:17,336 - INFO - Pieza mala
2026-08-03 20:42:17,417 - INFO - Pieza mala
2026-08-03 20:42:17,498 - INFO - Pieza mala
2026-08-03 20:42:17,579 - INFO - Pieza mala
2026-08-03 20:42:17,660 - INFO - Pieza mala
2026-08-03 20:42:17,739 - INFO - Pieza mala
2026-08-03 20:42:17,821 - INFO - Pieza mala
2026-08-03 20:42:17,902 - INFO - Pieza mala
2026-08-03 20:42:17,982 - INFO - Pieza mala
2026-08-03 20:42:18,064 - INFO - Pieza mala
2026-08-03 20:42:18,145 - INFO - Pieza mala
2026-08-03 20:42:18,226 - INFO - Pieza mala
2026-08-03 20:42:18,308 - INFO - Pieza mala
2026-08-03 20:42:18,390 - INFO - Pieza mala
2026-08-03 20:42:18,471 - INFO - Pieza mala
2026-08-03 20:42:18,551 - INFO - Pieza mala
2026-08-03 20:42:18,633 - INFO - Pieza mala
2026-08-03 20:42:18,715 - INFO - Pieza mala
2026-08-03 20:42:18,795 - INFO - Pieza mala
2026-08-03 20:42:18,875 - INFO - Pieza mala
2026-08-03 20:42:18,956 - INFO - Pieza mala
2026-08-03 20:42:19,036 - INFO - Pieza mala
2026-08-03 20:42:19,116 - INFO - Pieza mala
2026-08-03 20:42:19,197 - INFO - Pieza mala
2026-08-03 20:42:19,278 - INFO - Pieza mala
2026-08-03 20:42:19,359 - INFO - Pieza mala
2026-08-03 20:42:19,442 - INFO - Pieza mala
2026-08-03 20:42:19,523 - INFO - Pieza mala
2026-08-03 20:42:19,603 - INFO - Pieza mala
2026-08-03 20:42:19,683 - INFO - Pieza mala
2026-08-03 20:42:19,766 - INFO - Pieza mala
2026-08-03 20:42:19,847 - INFO - Pieza mala
2026-08-03 20:42:19,928 - INFO - Pieza mala
2026-08-03 20:42:20,009 - INFO - Pieza mala
2026-08-03 20:42:20,090 - INFO - Pieza mala
2026-08-03 20:42:20,171 - INFO - Pieza mala
2026-08-03 20:42:20,251 - INFO - Pieza mala
2026-08-03 20:42:20,332 - INFO - Pieza mala
2026-08-03 20:42:20,414 - INFO - Pieza mala
2026-08-03 20:42:20,495 - INFO - Pieza mala
2026-08-03 20:42:20,577 - INFO - Pieza mala
2026-08-03 20:42:20,659 - INFO - Pieza mala
2026-08-03 20:42:20,740 - INFO - Pieza mala
2026-08-03 20:42:20,820 - INFO - Pieza mala
2026-08-03 20:42:20,902 - INFO - Pieza mala
2026-08-03 20:42:20,982 - INFO - Pieza mala
2026-08-03 20:42:21,063 - INFO - Pieza mala
2026-08-03 20:42:21,143 - INFO - Pieza mala
2026-08-03 20:42:21,224 - INFO - Pieza mala
2026-08-03 20:42:21,303 - INFO - Pieza mala
2026-08-03 20:42:21,383 - INFO - Pieza mala
2026-08-03 20:42:21,465 - INFO - Pieza mala
2026-08-03 20:42:21,545 - INFO - Pieza mala
2026-08-03 20:42:21,626 - INFO - Pieza mala
2026-08-03 20:42:21,707 - INFO - Pieza mala
2026-08-03 20:42:21,787 - INFO - Pieza mala
2026-08-03 20:42:21,868 - INFO - Pieza mala
2026-08-03 20:42:21,949 - INFO - Pieza mala
2026-08-03 20:42:22,030 - INFO - Pieza mala
2026-08-03 20:42:22,110 - INFO - Pieza mala
2026-08-03 20:42:22,192 - INFO - Pieza mala
2026-08-03 20:42:22,274 - INFO - Pieza mala
2026-08-03 20:42:22,356 - INFO - Pieza mala
2026-08-03 20:42:22,436 - INFO - Pieza mala
2026-08-03 20:42:22,516 - INFO - Pieza mala
2026-08-03 20:42:22,598 - INFO - Pieza mala
2026-08-03 20:42:22,678 - INFO - Pieza mala
2026-08-03 20:42:22,759 - INFO - Pieza mala
2026-08-03 20:42:22,841 - INFO - Pieza mala
2026-08-03 20:42:22,923 - INFO - Pieza mala
2026-08-03 20:42:23,005 - INFO - Pieza mala
2026-08-03 20:42:23,085 - INFO - Pieza mala
2026-08-03 20:42:23,167 - INFO - Pieza mala
2026-08-03 20:42:23,248 - INFO - Pieza mala
2026-08-03 20:42:23,331 - INFO - Pieza mala
2026-08-03 20:42:23,412 - INFO - Pieza mala
2026-08-03 20:42:23,493 - INFO - Pieza mala
2026-08-03 20:42:23,573 - INFO - Pieza mala
2026-08-03 20:42:23,655 - INFO - Pieza mala
2026-08-03 20:42:23,736 - INFO - Pieza mala
2026-08-03 20:42:23,818 - INFO - Pieza mala
2026-08-03 20:42:23,900 - INFO - Pieza mala
2026-08-03 20:42:23,981 - INFO - Pieza mala
2026-08-03 20:42:24,063 - INFO - Pieza mala
2026-08-03 20:42:24,144 - INFO - Pieza mala
2026-08-03 20:42:24,225 - INFO - Pieza mala
2026-08-03 20:42:24,306 - INFO - Pieza mala
2026-08-03 20:42:24,387 - INFO - Pieza mala
2026-08-03 20:42:24,469 - INFO - Pieza mala
2026-08-03 20:42:24,550 - INFO - Pieza mala
2026-08-03 20:42:24,631 - INFO - Pieza mala
2026-08-03 20:42:24,711 - INFO - Pieza mala
2026-08-03 20:42:24,792 - INFO - Pieza mala
2026-08-03 20:42:24,873 - INFO - Pieza mala
2026-08-03 20:42:24,954 - INFO - Pieza mala
2026-08-03 20:42:25,035 - INFO - Pieza mala
2026-08-03 20:42:25,116 - INFO - Pieza mala
2026-08-03 20:42:25,196 - INFO - Pieza mala
2026-08-03 20:42:25,277 - INFO - Pieza mala
2026-08-03 20:42:25,360 - INFO - Pieza mala
2026-08-03 20:42:25,441 - INFO - Pieza mala
2026-08-03 20:42:25,522 - INFO - Pieza mala
2026-08-03 20:42:25,603 - INFO - Pieza mala
2026-08-03 20:42:25,685 - INFO - Pieza mala
2026-08-03 20:42:25,767 - INFO - Pieza mala
2026-08-03 20:42:25,849 - INFO - Pieza mala
2026-08-03 20:42:25,930 - INFO - Pieza mala
2026-08-03 20:42:26,010 - INFO - Pieza mala
2026-08-03 20:42:26,090 - INFO - Pieza mala
2026-08-03 20:42:26,170 - INFO - Pieza mala
2026-08-03 20:42:26,252 - INFO - Pieza mala
2026-08-03 20:42:26,333 - INFO - Pieza mala
2026-08-03 20:42:26,415 - INFO - Pieza mala
2026-08-03 20:42:26,497 - INFO - Pieza mala
2026-08-03 20:42:26,579 - INFO - Pieza mala
2026-08-03 20:42:26,661 - INFO - Pieza mala
2026-08-03 20:42:26,742 - INFO - Pieza mala
2026-08-03 20:42:26,825 - INFO - Pieza mala
2026-08-03 20:42:26,906 - INFO - Pieza mala
2026-08-03 20:42:26,987 - INFO - Pieza mala
2026-08-03 20:42:27,069 - INFO - Pieza mala
2026-08-03 20:42:27,150 - INFO - Pieza mala
2026-08-03 20:42:27,233 - INFO - Pieza mala
2026-08-03 20:42:27,316 - INFO - Pieza mala
2026-08-03 20:42:27,397 - INFO - Pieza mala
2026-08-03 20:42:27,479 - INFO - Pieza mala
2026-08-03 20:43:22,852 - INFO - ['OK\n', 'OK\n', 'NOK\n']
2026-08-03 20:43:22,852 - INFO - [0.7305775, 0.971246, 0.9756708]
2026-08-03 20:43:22,852 - INFO - ------------------
2026-08-03 20:43:22,894 - INFO - Pieza mala
2026-08-03 20:43:22,975 - INFO - Pieza mala
2026-08-03 20:43:23,057 - INFO - Pieza mala
2026-08-03 20:43:23,139 - INFO - Pieza mala
2026-08-03 20:43:23,220 - INFO - Pieza mala
2026-08-03 20:43:23,301 - INFO - Pieza mala
2026-08-03 20:43:23,382 - INFO - Pieza mala
2026-08-03 20:43:23,463 - INFO - Pieza mala
2026-08-03 20:43:23,544 - INFO - Pieza mala
2026-08-03 20:43:23,625 - INFO - Pieza mala
2026-08-03 20:43:23,707 - INFO - Pieza mala
2026-08-03 20:43:23,789 - INFO - Pieza mala
2026-08-03 20:43:23,870 - INFO - Pieza mala
2026-08-03 20:43:23,954 - INFO - Pieza mala
2026-08-03 20:43:24,035 - INFO - Pieza mala
2026-08-03 20:43:24,117 - INFO - Pieza mala
2026-08-03 20:43:24,197 - INFO - Pieza mala
2026-08-03 20:43:24,278 - INFO - Pieza mala
2026-08-03 20:43:24,359 - INFO - Pieza mala
2026-08-03 20:43:24,440 - INFO - Pieza mala
2026-08-03 20:43:24,522 - INFO - Pieza mala
2026-08-03 20:43:24,602 - INFO - Pieza mala
2026-08-03 20:43:24,684 - INFO - Pieza mala
2026-08-03 20:43:24,764 - INFO - Pieza mala
2026-08-03 20:43:24,845 - INFO - Pieza mala
2026-08-03 20:43:24,926 - INFO - Pieza mala
2026-08-03 20:43:25,008 - INFO - Pieza mala
2026-08-03 20:43:25,092 - INFO - Pieza mala
2026-08-03 20:43:25,172 - INFO - Pieza mala
2026-08-03 20:43:25,253 - INFO - Pieza mala
2026-08-03 20:43:25,334 - INFO - Pieza mala
2026-08-03 20:43:25,416 - INFO - Pieza mala
2026-08-03 20:43:25,497 - INFO - Pieza mala
2026-08-03 20:43:25,579 - INFO - Pieza mala
2026-08-03 20:43:25,660 - INFO - Pieza mala
2026-08-03 20:43:25,742 - INFO - Pieza mala
2026-08-03 20:43:25,823 - INFO - Pieza mala
2026-08-03 20:43:25,903 - INFO - Pieza mala
2026-08-03 20:43:25,983 - INFO - Pieza mala
2026-08-03 20:43:26,065 - INFO - Pieza mala
2026-08-03 20:43:26,145 - INFO - Pieza mala
2026-08-03 20:43:26,227 - INFO - Pieza mala
2026-08-03 20:43:26,307 - INFO - Pieza mala
2026-08-03 20:43:26,389 - INFO - Pieza mala
2026-08-03 20:43:26,471 - INFO - Pieza mala
2026-08-03 20:43:26,551 - INFO - Pieza mala
2026-08-03 20:43:26,633 - INFO - Pieza mala
2026-08-03 20:43:26,714 - INFO - Pieza mala
2026-08-03 20:43:26,795 - INFO - Pieza mala
2026-08-03 20:43:26,875 - INFO - Pieza mala
2026-08-03 20:43:26,956 - INFO - Pieza mala
2026-08-03 20:43:27,036 - INFO - Pieza mala
2026-08-03 20:43:27,119 - INFO - Pieza mala
2026-08-03 20:43:27,201 - INFO - Pieza mala
2026-08-03 20:43:27,281 - INFO - Pieza mala
2026-08-03 20:43:27,362 - INFO - Pieza mala
2026-08-03 20:43:27,444 - INFO - Pieza mala
2026-08-03 20:43:27,525 - INFO - Pieza mala
2026-08-03 20:43:27,607 - INFO - Pieza mala
2026-08-03 20:43:27,688 - INFO - Pieza mala
2026-08-03 20:43:27,770 - INFO - Pieza mala
2026-08-03 20:43:27,851 - INFO - Pieza mala
2026-08-03 20:43:27,932 - INFO - Pieza mala
2026-08-03 20:43:28,013 - INFO - Pieza mala
2026-08-03 20:43:28,093 - INFO - Pieza mala
2026-08-03 20:43:28,173 - INFO - Pieza mala
2026-08-03 20:43:28,254 - INFO - Pieza mala
2026-08-03 20:43:28,335 - INFO - Pieza mala
2026-08-03 20:43:28,417 - INFO - Pieza mala
2026-08-03 20:43:28,497 - INFO - Pieza mala
2026-08-03 20:43:28,580 - INFO - Pieza mala
2026-08-03 20:43:28,660 - INFO - Pieza mala
2026-08-03 20:43:28,741 - INFO - Pieza mala
2026-08-03 20:43:28,822 - INFO - Pieza mala
2026-08-03 20:43:28,903 - INFO - Pieza mala
2026-08-03 20:43:28,984 - INFO - Pieza mala
2026-08-03 20:43:29,065 - INFO - Pieza mala
2026-08-03 20:43:29,146 - INFO - Pieza mala
2026-08-03 20:43:29,227 - INFO - Pieza mala
2026-08-03 20:43:29,309 - INFO - Pieza mala
2026-08-03 20:43:29,390 - INFO - Pieza mala
2026-08-03 20:43:29,472 - INFO - Pieza mala
2026-08-03 20:43:29,552 - INFO - Pieza mala
2026-08-03 20:43:29,633 - INFO - Pieza mala
2026-08-03 20:43:29,714 - INFO - Pieza mala
2026-08-03 20:43:29,793 - INFO - Pieza mala
2026-08-03 20:43:29,874 - INFO - Pieza mala
2026-08-03 20:43:29,956 - INFO - Pieza mala
2026-08-03 20:43:30,038 - INFO - Pieza mala
2026-08-03 20:43:30,119 - INFO - Pieza mala
2026-08-03 20:43:30,201 - INFO - Pieza mala
2026-08-03 20:43:30,283 - INFO - Pieza mala
2026-08-03 20:43:30,363 - INFO - Pieza mala
2026-08-03 20:43:30,445 - INFO - Pieza mala
2026-08-03 20:43:30,525 - INFO - Pieza mala
2026-08-03 20:43:30,607 - INFO - Pieza mala
2026-08-03 20:43:30,687 - INFO - Pieza mala
2026-08-03 20:43:30,769 - INFO - Pieza mala
2026-08-03 20:43:30,852 - INFO - Pieza mala
2026-08-03 20:43:30,932 - INFO - Pieza mala
2026-08-03 20:43:31,013 - INFO - Pieza mala
2026-08-03 20:43:31,093 - INFO - Pieza mala
2026-08-03 20:43:31,175 - INFO - Pieza mala
2026-08-03 20:43:31,257 - INFO - Pieza mala
2026-08-03 20:43:31,337 - INFO - Pieza mala
2026-08-03 20:43:31,417 - INFO - Pieza mala
2026-08-03 20:43:31,500 - INFO - Pieza mala
2026-08-03 20:43:31,580 - INFO - Pieza mala
2026-08-03 20:43:31,661 - INFO - Pieza mala
2026-08-03 20:43:31,743 - INFO - Pieza mala
2026-08-03 20:43:31,826 - INFO - Pieza mala
2026-08-03 20:43:31,907 - INFO - Pieza mala
2026-08-03 20:43:31,989 - INFO - Pieza mala
2026-08-03 20:43:32,070 - INFO - Pieza mala
2026-08-03 20:43:32,151 - INFO - Pieza mala
2026-08-03 20:43:32,233 - INFO - Pieza mala
2026-08-03 20:43:32,315 - INFO - Pieza mala
2026-08-03 20:43:32,396 - INFO - Pieza mala
2026-08-03 20:43:32,478 - INFO - Pieza mala
2026-08-03 20:43:32,559 - INFO - Pieza mala
2026-08-03 20:43:32,641 - INFO - Pieza mala
2026-08-03 20:43:32,723 - INFO - Pieza mala
2026-08-03 20:43:32,803 - INFO - Pieza mala
2026-08-03 20:43:32,886 - INFO - Pieza mala
2026-08-03 20:43:32,968 - INFO - Pieza mala
2026-08-03 20:43:33,049 - INFO - Pieza mala
2026-08-03 20:43:33,129 - INFO - Pieza mala
2026-08-03 20:43:33,211 - INFO - Pieza mala
2026-08-03 20:43:33,294 - INFO - Pieza mala
2026-08-03 20:43:33,376 - INFO - Pieza mala
2026-08-03 20:43:33,458 - INFO - Pieza mala
2026-08-03 20:43:33,540 - INFO - Pieza mala
2026-08-03 20:43:33,621 - INFO - Pieza mala
2026-08-03 20:44:28,999 - INFO - ['NOK\n', 'OK\n', 'NOK\n']
2026-08-03 20:44:28,999 - INFO - [0.9561827, 0.98548394, 0.9069748]
2026-08-03 20:44:28,999 - INFO - ------------------
2026-08-03 20:44:29,039 - INFO - Pieza mala
2026-08-03 20:44:29,120 - INFO - Pieza mala
2026-08-03 20:44:29,201 - INFO - Pieza mala
2026-08-03 20:44:29,281 - INFO - Pieza mala
2026-08-03 20:44:29,363 - INFO - Pieza mala
2026-08-03 20:44:29,443 - INFO - Pieza mala
2026-08-03 20:44:29,523 - INFO - Pieza mala
2026-08-03 20:44:29,604 - INFO - Pieza mala
2026-08-03 20:44:29,686 - INFO - Pieza mala
2026-08-03 20:44:29,767 - INFO - Pieza mala
2026-08-03 20:44:29,848 - INFO - Pieza mala
2026-08-03 20:44:29,929 - INFO - Pieza mala
2026-08-03 20:44:30,011 - INFO - Pieza mala
2026-08-03 20:44:30,091 - INFO - Pieza mala
2026-08-03 20:44:30,172 - INFO - Pieza mala
2026-08-03 20:44:30,252 - INFO - Pieza mala
2026-08-03 20:44:30,333 - INFO - Pieza mala
2026-08-03 20:44:30,414 - INFO - Pieza mala
2026-08-03 20:44:30,494 - INFO - Pieza mala
2026-08-03 20:44:30,576 - INFO - Pieza mala
2026-08-03 20:44:30,657 - INFO - Pieza mala
2026-08-03 20:44:30,738 - INFO - Pieza mala
2026-08-03 20:44:30,818 - INFO - Pieza mala
2026-08-03 20:44:30,899 - INFO - Pieza mala
2026-08-03 20:44:30,980 - INFO - Pieza mala
2026-08-03 20:44:31,060 - INFO - Pieza mala
2026-08-03 20:44:31,140 - INFO - Pieza mala
2026-08-03 20:44:31,220 - INFO - Pieza mala
2026-08-03 20:44:31,299 - INFO - Pieza mala
2026-08-03 20:44:31,381 - INFO - Pieza mala
2026-08-03 20:44:31,462 - INFO - Pieza mala
2026-08-03 20:44:31,542 - INFO - Pieza mala
2026-08-03 20:44:31,624 - INFO - Pieza mala
2026-08-03 20:44:31,706 - INFO - Pieza mala
2026-08-03 20:44:31,787 - INFO - Pieza mala
2026-08-03 20:44:31,867 - INFO - Pieza mala
2026-08-03 20:44:31,949 - INFO - Pieza mala
2026-08-03 20:44:32,030 - INFO - Pieza mala
2026-08-03 20:44:32,109 - INFO - Pieza mala
2026-08-03 20:44:32,190 - INFO - Pieza mala
2026-08-03 20:44:32,272 - INFO - Pieza mala
2026-08-03 20:44:32,352 - INFO - Pieza mala
2026-08-03 20:44:32,434 - INFO - Pieza mala
2026-08-03 20:44:32,514 - INFO - Pieza mala
2026-08-03 20:44:32,595 - INFO - Pieza mala
2026-08-03 20:44:32,676 - INFO - Pieza mala
2026-08-03 20:44:32,758 - INFO - Pieza mala
2026-08-03 20:44:32,840 - INFO - Pieza mala
2026-08-03 20:44:32,921 - INFO - Pieza mala
2026-08-03 20:44:33,002 - INFO - Pieza mala
2026-08-03 20:44:33,081 - INFO - Pieza mala
2026-08-03 20:44:33,162 - INFO - Pieza mala
2026-08-03 20:44:33,245 - INFO - Pieza mala
2026-08-03 20:44:33,326 - INFO - Pieza mala
2026-08-03 20:44:33,408 - INFO - Pieza mala
2026-08-03 20:44:33,489 - INFO - Pieza mala
2026-08-03 20:44:33,569 - INFO - Pieza mala
2026-08-03 20:44:33,651 - INFO - Pieza mala
2026-08-03 20:44:33,732 - INFO - Pieza mala
2026-08-03 20:44:33,814 - INFO - Pieza mala
2026-08-03 20:44:33,894 - INFO - Pieza mala
2026-08-03 20:44:33,975 - INFO - Pieza mala
2026-08-03 20:44:34,057 - INFO - Pieza mala
2026-08-03 20:44:34,139 - INFO - Pieza mala
2026-08-03 20:44:34,220 - INFO - Pieza mala
2026-08-03 20:44:34,300 - INFO - Pieza mala
2026-08-03 20:44:34,381 - INFO - Pieza mala
2026-08-03 20:44:34,463 - INFO - Pieza mala
2026-08-03 20:44:34,543 - INFO - Pieza mala
2026-08-03 20:44:34,625 - INFO - Pieza mala
2026-08-03 20:44:34,705 - INFO - Pieza mala
2026-08-03 20:44:34,786 - INFO - Pieza mala
2026-08-03 20:44:34,869 - INFO - Pieza mala
2026-08-03 20:44:34,949 - INFO - Pieza mala
2026-08-03 20:44:35,030 - INFO - Pieza mala
2026-08-03 20:44:35,110 - INFO - Pieza mala
2026-08-03 20:44:35,191 - INFO - Pieza mala
2026-08-03 20:44:35,273 - INFO - Pieza mala
2026-08-03 20:44:35,353 - INFO - Pieza mala
2026-08-03 20:44:35,435 - INFO - Pieza mala
2026-08-03 20:44:35,516 - INFO - Pieza mala
2026-08-03 20:44:35,597 - INFO - Pieza mala
2026-08-03 20:44:35,680 - INFO - Pieza mala
2026-08-03 20:44:35,760 - INFO - Pieza mala
2026-08-03 20:44:35,842 - INFO - Pieza mala
2026-08-03 20:44:35,923 - INFO - Pieza mala
2026-08-03 20:44:36,005 - INFO - Pieza mala
2026-08-03 20:44:36,085 - INFO - Pieza mala
2026-08-03 20:44:36,166 - INFO - Pieza mala
2026-08-03 20:44:36,247 - INFO - Pieza mala
2026-08-03 20:44:36,329 - INFO - Pieza mala
2026-08-03 20:44:36,410 - INFO - Pieza mala
2026-08-03 20:44:36,491 - INFO - Pieza mala
2026-08-03 20:44:36,573 - INFO - Pieza mala
2026-08-03 20:44:36,653 - INFO - Pieza mala
2026-08-03 20:44:36,733 - INFO - Pieza mala
2026-08-03 20:44:36,813 - INFO - Pieza mala
2026-08-03 20:44:36,894 - INFO - Pieza mala
2026-08-03 20:44:36,975 - INFO - Pieza mala
2026-08-03 20:44:37,056 - INFO - Pieza mala
2026-08-03 20:44:37,137 - INFO - Pieza mala
2026-08-03 20:44:37,219 - INFO - Pieza mala
2026-08-03 20:44:37,300 - INFO - Pieza mala
2026-08-03 20:44:37,381 - INFO - Pieza mala
2026-08-03 20:44:37,462 - INFO - Pieza mala
2026-08-03 20:44:37,544 - INFO - Pieza mala
2026-08-03 20:44:37,624 - INFO - Pieza mala
2026-08-03 20:44:37,706 - INFO - Pieza mala
2026-08-03 20:44:37,787 - INFO - Pieza mala
2026-08-03 20:44:37,869 - INFO - Pieza mala
2026-08-03 20:44:37,950 - INFO - Pieza mala
2026-08-03 20:44:38,030 - INFO - Pieza mala
2026-08-03 20:44:38,112 - INFO - Pieza mala
2026-08-03 20:44:38,194 - INFO - Pieza mala
2026-08-03 20:44:38,275 - INFO - Pieza mala
2026-08-03 20:44:38,357 - INFO - Pieza mala
2026-08-03 20:44:38,437 - INFO - Pieza mala
2026-08-03 20:44:38,518 - INFO - Pieza mala
2026-08-03 20:44:38,600 - INFO - Pieza mala
2026-08-03 20:44:38,681 - INFO - Pieza mala
2026-08-03 20:44:38,762 - INFO - Pieza mala
2026-08-03 20:44:38,844 - INFO - Pieza mala
2026-08-03 20:44:38,925 - INFO - Pieza mala
2026-08-03 20:44:39,007 - INFO - Pieza mala
2026-08-03 20:44:39,087 - INFO - Pieza mala
2026-08-03 20:44:39,169 - INFO - Pieza mala
2026-08-03 20:44:39,249 - INFO - Pieza mala
2026-08-03 20:44:39,331 - INFO - Pieza mala
2026-08-03 20:44:39,411 - INFO - Pieza mala
2026-08-03 20:44:39,491 - INFO - Pieza mala
2026-08-03 20:44:39,572 - INFO - Pieza mala
2026-08-03 20:44:39,654 - INFO - Pieza mala
2026-08-03 20:44:39,736 - INFO - Pieza mala
2026-08-03 20:44:39,816 - INFO - Pieza mala
2026-08-03 20:45:35,179 - INFO - ['OK\n', 'OK\n', 'NOK\n']
2026-08-03 20:45:35,179 - INFO - [0.9326954, 0.9844789, 0.88955796]
2026-08-03 20:45:35,179 - INFO - ------------------
2026-08-03 20:45:35,219 - INFO - Pieza mala
2026-08-03 20:45:35,301 - INFO - Pieza mala
2026-08-03 20:45:35,382 - INFO - Pieza mala
2026-08-03 20:45:35,463 - INFO - Pieza mala
2026-08-03 20:45:35,545 - INFO - Pieza mala
2026-08-03 20:45:35,626 - INFO - Pieza mala
2026-08-03 20:45:35,708 - INFO - Pieza mala
2026-08-03 20:45:35,790 - INFO - Pieza mala
2026-08-03 20:45:35,871 - INFO - Pieza mala
2026-08-03 20:45:35,953 - INFO - Pieza mala
2026-08-03 20:45:36,034 - INFO - Pieza mala
2026-08-03 20:45:36,114 - INFO - Pieza mala
2026-08-03 20:45:36,194 - INFO - Pieza mala
2026-08-03 20:45:36,276 - INFO - Pieza mala
2026-08-03 20:45:36,357 - INFO - Pieza mala
2026-08-03 20:45:36,438 - INFO - Pieza mala
2026-08-03 20:45:36,519 - INFO - Pieza mala
2026-08-03 20:45:36,600 - INFO - Pieza mala
2026-08-03 20:45:36,681 - INFO - Pieza mala
2026-08-03 20:45:36,762 - INFO - Pieza mala
2026-08-03 20:45:36,843 - INFO - Pieza mala
2026-08-03 20:45:36,926 - INFO - Pieza mala
2026-08-03 20:45:37,008 - INFO - Pieza mala
2026-08-03 20:45:37,089 - INFO - Pieza mala
2026-08-03 20:45:37,171 - INFO - Pieza mala
2026-08-03 20:45:37,252 - INFO - Pieza mala
2026-08-03 20:45:37,332 - INFO - Pieza mala
2026-08-03 20:45:37,414 - INFO - Pieza mala
2026-08-03 20:45:37,495 - INFO - Pieza mala
2026-08-03 20:45:37,576 - INFO - Pieza mala
2026-08-03 20:45:37,657 - INFO - Pieza mala
2026-08-03 20:45:37,739 - INFO - Pieza mala
2026-08-03 20:45:37,820 - INFO - Pieza mala
2026-08-03 20:45:37,901 - INFO - Pieza mala
2026-08-03 20:45:37,983 - INFO - Pieza mala
2026-08-03 20:45:38,063 - INFO - Pieza mala
2026-08-03 20:45:38,143 - INFO - Pieza mala
2026-08-03 20:45:38,225 - INFO - Pieza mala
2026-08-03 20:45:38,308 - INFO - Pieza mala
2026-08-03 20:45:38,390 - INFO - Pieza mala
2026-08-03 20:45:38,471 - INFO - Pieza mala
2026-08-03 20:45:38,552 - INFO - Pieza mala
2026-08-03 20:45:38,636 - INFO - Pieza mala
2026-08-03 20:45:38,719 - INFO - Pieza mala
2026-08-03 20:45:38,800 - INFO - Pieza mala
2026-08-03 20:45:38,881 - INFO - Pieza mala
2026-08-03 20:45:38,962 - INFO - Pieza mala
2026-08-03 20:45:39,045 - INFO - Pieza mala
2026-08-03 20:45:39,127 - INFO - Pieza mala
2026-08-03 20:45:39,209 - INFO - Pieza mala
2026-08-03 20:45:39,289 - INFO - Pieza mala
2026-08-03 20:45:39,370 - INFO - Pieza mala
2026-08-03 20:45:39,451 - INFO - Pieza mala
2026-08-03 20:45:39,534 - INFO - Pieza mala
2026-08-03 20:45:39,613 - INFO - Pieza mala
2026-08-03 20:45:39,696 - INFO - Pieza mala
2026-08-03 20:45:39,777 - INFO - Pieza mala
2026-08-03 20:45:39,858 - INFO - Pieza mala
2026-08-03 20:45:39,941 - INFO - Pieza mala
2026-08-03 20:45:40,020 - INFO - Pieza mala
2026-08-03 20:45:40,102 - INFO - Pieza mala
2026-08-03 20:45:40,182 - INFO - Pieza mala
2026-08-03 20:45:40,263 - INFO - Pieza mala
2026-08-03 20:45:40,343 - INFO - Pieza mala
2026-08-03 20:45:40,425 - INFO - Pieza mala
2026-08-03 20:45:40,506 - INFO - Pieza mala
2026-08-03 20:45:40,587 - INFO - Pieza mala
2026-08-03 20:45:40,667 - INFO - Pieza mala
2026-08-03 20:45:40,749 - INFO - Pieza mala
2026-08-03 20:45:40,830 - INFO - Pieza mala
2026-08-03 20:45:40,911 - INFO - Pieza mala
2026-08-03 20:45:40,990 - INFO - Pieza mala
2026-08-03 20:45:41,072 - INFO - Pieza mala
2026-08-03 20:45:41,154 - INFO - Pieza mala
2026-08-03 20:45:41,234 - INFO - Pieza mala
2026-08-03 20:45:41,315 - INFO - Pieza mala
2026-08-03 20:45:41,398 - INFO - Pieza mala
2026-08-03 20:45:41,479 - INFO - Pieza mala
2026-08-03 20:45:41,560 - INFO - Pieza mala
2026-08-03 20:45:41,641 - INFO - Pieza mala
2026-08-03 20:45:41,723 - INFO - Pieza mala
2026-08-03 20:45:41,803 - INFO - Pieza mala
2026-08-03 20:45:41,885 - INFO - Pieza mala
2026-08-03 20:45:41,965 - INFO - Pieza mala
2026-08-03 20:45:42,046 - INFO - Pieza mala
2026-08-03 20:45:42,128 - INFO - Pieza mala
2026-08-03 20:45:42,207 - INFO - Pieza mala
2026-08-03 20:45:42,289 - INFO - Pieza mala
2026-08-03 20:45:42,371 - INFO - Pieza mala
2026-08-03 20:45:42,453 - INFO - Pieza mala
2026-08-03 20:45:42,534 - INFO - Pieza mala
2026-08-03 20:45:42,615 - INFO - Pieza mala
2026-08-03 20:45:42,696 - INFO - Pieza mala
2026-08-03 20:45:42,777 - INFO - Pieza mala
2026-08-03 20:45:42,860 - INFO - Pieza mala
2026-08-03 20:45:42,941 - INFO - Pieza mala
2026-08-03 20:45:43,021 - INFO - Pieza mala
2026-08-03 20:45:43,103 - INFO - Pieza mala
2026-08-03 20:45:43,186 - INFO - Pieza mala
2026-08-03 20:45:43,267 - INFO - Pieza mala
2026-08-03 20:45:43,348 - INFO - Pieza mala
2026-08-03 20:45:43,429 - INFO - Pieza mala
2026-08-03 20:45:43,511 - INFO - Pieza mala
2026-08-03 20:45:43,591 - INFO - Pieza mala
2026-08-03 20:45:43,671 - INFO - Pieza mala
2026-08-03 20:45:43,752 - INFO - Pieza mala
2026-08-03 20:45:43,835 - INFO - Pieza mala
2026-08-03 20:45:43,915 - INFO - Pieza mala
2026-08-03 20:45:43,998 - INFO - Pieza mala
2026-08-03 20:45:44,079 - INFO - Pieza mala
2026-08-03 20:45:44,161 - INFO - Pieza mala
2026-08-03 20:45:44,242 - INFO - Pieza mala
2026-08-03 20:45:44,323 - INFO - Pieza mala
2026-08-03 20:45:44,403 - INFO - Pieza mala
2026-08-03 20:45:44,483 - INFO - Pieza mala
2026-08-03 20:45:44,565 - INFO - Pieza mala
2026-08-03 20:45:44,645 - INFO - Pieza mala
2026-08-03 20:45:44,728 - INFO - Pieza mala
2026-08-03 20:45:44,809 - INFO - Pieza mala
2026-08-03 20:45:44,890 - INFO - Pieza mala
2026-08-03 20:45:44,970 - INFO - Pieza mala
2026-08-03 20:45:45,052 - INFO - Pieza mala
2026-08-03 20:45:45,134 - INFO - Pieza mala
2026-08-03 20:45:45,215 - INFO - Pieza mala
2026-08-03 20:45:45,296 - INFO - Pieza mala
2026-08-03 20:45:45,378 - INFO - Pieza mala
2026-08-03 20:45:45,460 - INFO - Pieza mala
2026-08-03 20:45:45,541 - INFO - Pieza mala
2026-08-03 20:45:45,622 - INFO - Pieza mala
2026-08-03 20:45:45,704 - INFO - Pieza mala
2026-08-03 20:45:45,785 - INFO - Pieza mala
2026-08-03 20:45:45,866 - INFO - Pieza mala
2026-08-03 20:45:45,949 - INFO - Pieza mala
2026-08-03 20:46:41,341 - INFO - ['NOK\n', 'OK\n', 'NOK\n']
2026-08-03 20:46:41,341 - INFO - [0.8405079, 0.64906716, 0.8827965]
2026-08-03 20:46:41,341 - INFO - ------------------
2026-08-03 20:46:41,382 - INFO - Pieza mala
2026-08-03 20:46:41,463 - INFO - Pieza mala
2026-08-03 20:46:41,544 - INFO - Pieza mala
2026-08-03 20:46:41,625 - INFO - Pieza mala
2026-08-03 20:46:41,706 - INFO - Pieza mala
2026-08-03 20:46:41,786 - INFO - Pieza mala
2026-08-03 20:46:41,867 - INFO - Pieza mala
2026-08-03 20:46:41,947 - INFO - Pieza mala
2026-08-03 20:46:42,030 - INFO - Pieza mala
2026-08-03 20:46:42,111 - INFO - Pieza mala
2026-08-03 20:46:42,192 - INFO - Pieza mala
2026-08-03 20:46:42,272 - INFO - Pieza mala
2026-08-03 20:46:42,353 - INFO - Pieza mala
2026-08-03 20:46:42,434 - INFO - Pieza mala
2026-08-03 20:46:42,514 - INFO - Pieza mala
2026-08-03 20:46:42,595 - INFO - Pieza mala
2026-08-03 20:46:42,678 - INFO - Pieza mala
2026-08-03 20:46:42,759 - INFO - Pieza mala
2026-08-03 20:46:42,839 - INFO - Pieza mala
2026-08-03 20:46:42,920 - INFO - Pieza mala
2026-08-03 20:46:43,002 - INFO - Pieza mala
2026-08-03 20:46:43,083 - INFO - Pieza mala
2026-08-03 20:46:43,164 - INFO - Pieza mala
2026-08-03 20:46:43,244 - INFO - Pieza mala
2026-08-03 20:46:43,325 - INFO - Pieza mala
2026-08-03 20:46:43,407 - INFO - Pieza mala
2026-08-03 20:46:43,488 - INFO - Pieza mala
2026-08-03 20:46:43,570 - INFO - Pieza mala
2026-08-03 20:46:43,651 - INFO - Pieza mala
2026-08-03 20:46:43,734 - INFO - Pieza mala
2026-08-03 20:46:43,815 - INFO - Pieza mala
2026-08-03 20:46:43,898 - INFO - Pieza mala
2026-08-03 20:46:43,979 - INFO - Pieza mala
2026-08-03 20:46:44,060 - INFO - Pieza mala
2026-08-03 20:46:44,142 - INFO - Pieza mala
2026-08-03 20:46:44,222 - INFO - Pieza mala
2026-08-03 20:46:44,305 - INFO - Pieza mala
2026-08-03 20:46:44,385 - INFO - Pieza mala
2026-08-03 20:46:44,468 - INFO - Pieza mala
2026-08-03 20:46:44,548 - INFO - Pieza mala
2026-08-03 20:46:44,632 - INFO - Pieza mala
2026-08-03 20:46:44,713 - INFO - Pieza mala
2026-08-03 20:46:44,795 - INFO - Pieza mala
2026-08-03 20:46:44,875 - INFO - Pieza mala
2026-08-03 20:46:44,958 - INFO - Pieza mala
2026-08-03 20:46:45,039 - INFO - Pieza mala
2026-08-03 20:46:45,118 - INFO - Pieza mala
2026-08-03 20:46:45,201 - INFO - Pieza mala
2026-08-03 20:46:45,282 - INFO - Pieza mala
2026-08-03 20:46:45,364 - INFO - Pieza mala
2026-08-03 20:46:45,446 - INFO - Pieza mala
2026-08-03 20:46:45,528 - INFO - Pieza mala
2026-08-03 20:46:45,609 - INFO - Pieza mala
2026-08-03 20:46:45,690 - INFO - Pieza mala
2026-08-03 20:46:45,770 - INFO - Pieza mala
2026-08-03 20:46:45,851 - INFO - Pieza mala
2026-08-03 20:46:45,932 - INFO - Pieza mala
2026-08-03 20:46:46,013 - INFO - Pieza mala
2026-08-03 20:46:46,093 - INFO - Pieza mala
2026-08-03 20:46:46,175 - INFO - Pieza mala
2026-08-03 20:46:46,257 - INFO - Pieza mala
2026-08-03 20:46:46,338 - INFO - Pieza mala
2026-08-03 20:46:46,420 - INFO - Pieza mala
2026-08-03 20:46:46,501 - INFO - Pieza mala
2026-08-03 20:46:46,581 - INFO - Pieza mala
2026-08-03 20:46:46,662 - INFO - Pieza mala
2026-08-03 20:46:46,742 - INFO - Pieza mala
2026-08-03 20:46:46,823 - INFO - Pieza mala
2026-08-03 20:46:46,903 - INFO - Pieza mala
2026-08-03 20:46:46,984 - INFO - Pieza mala
2026-08-03 20:46:47,066 - INFO - Pieza mala
2026-08-03 20:46:47,147 - INFO - Pieza mala
2026-08-03 20:46:47,229 - INFO - Pieza mala
2026-08-03 20:46:47,310 - INFO - Pieza mala
2026-08-03 20:46:47,391 - INFO - Pieza mala
2026-08-03 20:46:47,473 - INFO - Pieza mala
2026-08-03 20:46:47,554 - INFO - Pieza mala
2026-08-03 20:46:47,636 - INFO - Pieza mala
2026-08-03 20:46:47,718 - INFO - Pieza mala
2026-08-03 20:46:47,799 - INFO - Pieza mala
2026-08-03 20:46:47,879 - INFO - Pieza mala
2026-08-03 20:46:47,960 - INFO - Pieza mala
2026-08-03 20:46:48,040 - INFO - Pieza mala
2026-08-03 20:46:48,122 - INFO - Pieza mala
2026-08-03 20:46:48,204 - INFO - Pieza mala
2026-08-03 20:46:48,284 - INFO - Pieza mala
2026-08-03 20:46:48,365 - INFO - Pieza mala
2026-08-03 20:46:48,447 - INFO - Pieza mala
2026-08-03 20:46:48,529 - INFO - Pieza mala
2026-08-03 20:46:48,611 - INFO - Pieza mala
2026-08-03 20:46:48,693 - INFO - Pieza mala
2026-08-03 20:46:48,773 - INFO - Pieza mala
2026-08-03 20:46:48,853 - INFO - Pieza mala
2026-08-03 20:46:48,936 - INFO - Pieza mala
2026-08-03 20:46:49,018 - INFO - Pieza mala
2026-08-03 20:46:49,099 - INFO - Pieza mala
2026-08-03 20:46:49,179 - INFO - Pieza mala
2026-08-03 20:46:49,261 - INFO - Pieza mala
2026-08-03 20:46:49,342 - INFO - Pieza mala
2026-08-03 20:46:49,424 - INFO - Pieza mala
2026-08-03 20:46:49,506 - INFO - Pieza mala
2026-08-03 20:46:49,587 - INFO - Pieza mala
2026-08-03 20:46:49,669 - INFO - Pieza mala
2026-08-03 20:46:49,751 - INFO - Pieza mala
2026-08-03 20:46:49,832 - INFO - Pieza mala
2026-08-03 20:46:49,912 - INFO - Pieza mala
2026-08-03 20:46:49,992 - INFO - Pieza mala
2026-08-03 20:46:50,073 - INFO - Pieza mala
2026-08-03 20:46:50,154 - INFO - Pieza mala
2026-08-03 20:46:50,235 - INFO - Pieza mala
2026-08-03 20:46:50,317 - INFO - Pieza mala
2026-08-03 20:46:50,399 - INFO - Pieza mala
2026-08-03 20:46:50,481 - INFO - Pieza mala
2026-08-03 20:46:50,562 - INFO - Pieza mala
2026-08-03 20:46:50,643 - INFO - Pieza mala
2026-08-03 20:46:50,723 - INFO - Pieza mala
2026-08-03 20:46:50,804 - INFO - Pieza mala
2026-08-03 20:46:50,886 - INFO - Pieza mala
2026-08-03 20:46:50,968 - INFO - Pieza mala
2026-08-03 20:46:51,049 - INFO - Pieza mala
2026-08-03 20:46:51,130 - INFO - Pieza mala
2026-08-03 20:46:51,211 - INFO - Pieza mala
2026-08-03 20:46:51,292 - INFO - Pieza mala
2026-08-03 20:46:51,375 - INFO - Pieza mala
2026-08-03 20:46:51,455 - INFO - Pieza mala
2026-08-03 20:46:51,537 - INFO - Pieza mala
2026-08-03 20:46:51,619 - INFO - Pieza mala
2026-08-03 20:46:51,700 - INFO - Pieza mala
2026-08-03 20:46:51,782 - INFO - Pieza mala
2026-08-03 20:46:51,863 - INFO - Pieza mala
2026-08-03 20:46:51,945 - INFO - Pieza mala
2026-08-03 20:46:52,026 - INFO - Pieza mala
2026-08-03 20:46:52,107 - INFO - Pieza mala
2026-08-03 20:46:52,188 - INFO - Pieza mala
2026-08-03 20:47:47,485 - INFO - ['OK\n', 'OK\n', 'OK\n']
2026-08-03 20:47:47,485 - INFO - [0.99387723, 0.9996014, 0.9940666]
2026-08-03 20:47:47,485 - INFO - ------------------
2026-08-03 20:47:47,525 - INFO - Pieza buena
2026-08-03 20:48:48,378 - INFO - ['OK\n', 'OK\n', 'NOK\n']
2026-08-03 20:48:48,378 - INFO - [0.9479751, 0.93400925, 0.9687743]
2026-08-03 20:48:48,378 - INFO - ------------------
2026-08-03 20:48:48,419 - INFO - Pieza mala
2026-08-03 20:48:48,501 - INFO - Pieza mala
2026-08-03 20:48:48,582 - INFO - Pieza mala
2026-08-03 20:48:48,663 - INFO - Pieza mala
2026-08-03 20:48:48,745 - INFO - Pieza mala
2026-08-03 20:48:48,826 - INFO - Pieza mala
2026-08-03 20:48:48,908 - INFO - Pieza mala
2026-08-03 20:48:48,989 - INFO - Pieza mala
2026-08-03 20:48:49,069 - INFO - Pieza mala
2026-08-03 20:48:49,150 - INFO - Pieza mala
2026-08-03 20:48:49,231 - INFO - Pieza mala
2026-08-03 20:48:49,311 - INFO - Pieza mala
2026-08-03 20:48:49,392 - INFO - Pieza mala
2026-08-03 20:48:49,473 - INFO - Pieza mala
2026-08-03 20:48:49,555 - INFO - Pieza mala
2026-08-03 20:48:49,637 - INFO - Pieza mala
2026-08-03 20:48:49,718 - INFO - Pieza mala
2026-08-03 20:48:49,799 - INFO - Pieza mala
2026-08-03 20:48:49,881 - INFO - Pieza mala
2026-08-03 20:48:49,961 - INFO - Pieza mala
2026-08-03 20:48:50,042 - INFO - Pieza mala
2026-08-03 20:48:50,123 - INFO - Pieza mala
2026-08-03 20:48:50,205 - INFO - Pieza mala
2026-08-03 20:48:50,286 - INFO - Pieza mala
2026-08-03 20:48:50,366 - INFO - Pieza mala
2026-08-03 20:48:50,447 - INFO - Pieza mala
2026-08-03 20:48:50,530 - INFO - Pieza mala
2026-08-03 20:48:50,611 - INFO - Pieza mala
2026-08-03 20:48:50,692 - INFO - Pieza mala
2026-08-03 20:48:50,773 - INFO - Pieza mala
2026-08-03 20:48:50,854 - INFO - Pieza mala
2026-08-03 20:48:50,937 - INFO - Pieza mala
2026-08-03 20:48:51,019 - INFO - Pieza mala
2026-08-03 20:48:51,099 - INFO - Pieza mala
2026-08-03 20:48:51,180 - INFO - Pieza mala
2026-08-03 20:48:51,261 - INFO - Pieza mala
2026-08-03 20:48:51,341 - INFO - Pieza mala
2026-08-03 20:48:51,423 - INFO - Pieza mala
2026-08-03 20:48:51,506 - INFO - Pieza mala
2026-08-03 20:48:51,588 - INFO - Pieza mala
2026-08-03 20:48:51,672 - INFO - Pieza mala
2026-08-03 20:48:51,755 - INFO - Pieza mala
2026-08-03 20:48:51,836 - INFO - Pieza mala
2026-08-03 20:48:51,918 - INFO - Pieza mala
2026-08-03 20:48:51,999 - INFO - Pieza mala
2026-08-03 20:48:52,080 - INFO - Pieza mala
2026-08-03 20:48:52,161 - INFO - Pieza mala
2026-08-03 20:48:52,243 - INFO - Pieza mala
2026-08-03 20:48:52,323 - INFO - Pieza mala
2026-08-03 20:48:52,404 - INFO - Pieza mala
2026-08-03 20:48:52,486 - INFO - Pieza mala
2026-08-03 20:48:52,567 - INFO - Pieza mala
2026-08-03 20:48:52,649 - INFO - Pieza mala
2026-08-03 20:48:52,730 - INFO - Pieza mala
2026-08-03 20:48:52,813 - INFO - Pieza mala
2026-08-03 20:48:52,893 - INFO - Pieza mala
2026-08-03 20:48:52,975 - INFO - Pieza mala
2026-08-03 20:48:53,056 - INFO - Pieza mala
2026-08-03 20:48:53,137 - INFO - Pieza mala
2026-08-03 20:48:53,219 - INFO - Pieza mala
2026-08-03 20:48:53,300 - INFO - Pieza mala
2026-08-03 20:48:53,381 - INFO - Pieza mala
2026-08-03 20:48:53,463 - INFO - Pieza mala
2026-08-03 20:48:53,543 - INFO - Pieza mala
2026-08-03 20:48:53,625 - INFO - Pieza mala
2026-08-03 20:48:53,707 - INFO - Pieza mala
2026-08-03 20:48:53,789 - INFO - Pieza mala
2026-08-03 20:48:53,872 - INFO - Pieza mala
2026-08-03 20:48:53,953 - INFO - Pieza mala
2026-08-03 20:48:54,034 - INFO - Pieza mala
2026-08-03 20:48:54,116 - INFO - Pieza mala
2026-08-03 20:48:54,198 - INFO - Pieza mala
2026-08-03 20:48:54,279 - INFO - Pieza mala
2026-08-03 20:48:54,361 - INFO - Pieza mala
2026-08-03 20:48:54,442 - INFO - Pieza mala
2026-08-03 20:48:54,523 - INFO - Pieza mala
2026-08-03 20:48:54,603 - INFO - Pieza mala
2026-08-03 20:48:54,683 - INFO - Pieza mala
2026-08-03 20:48:54,763 - INFO - Pieza mala
2026-08-03 20:48:54,846 - INFO - Pieza mala
2026-08-03 20:48:54,926 - INFO - Pieza mala
2026-08-03 20:48:55,008 - INFO - Pieza mala
2026-08-03 20:48:55,088 - INFO - Pieza mala
2026-08-03 20:48:55,168 - INFO - Pieza mala
2026-08-03 20:48:55,249 - INFO - Pieza mala
2026-08-03 20:48:55,330 - INFO - Pieza mala
2026-08-03 20:48:55,411 - INFO - Pieza mala
2026-08-03 20:48:55,492 - INFO - Pieza mala
2026-08-03 20:48:55,574 - INFO - Pieza mala
2026-08-03 20:48:55,656 - INFO - Pieza mala
2026-08-03 20:48:55,736 - INFO - Pieza mala
2026-08-03 20:48:55,818 - INFO - Pieza mala
2026-08-03 20:48:55,900 - INFO - Pieza mala
2026-08-03 20:48:55,981 - INFO - Pieza mala
2026-08-03 20:48:56,063 - INFO - Pieza mala
2026-08-03 20:48:56,143 - INFO - Pieza mala
2026-08-03 20:48:56,226 - INFO - Pieza mala
2026-08-03 20:48:56,307 - INFO - Pieza mala
2026-08-03 20:48:56,388 - INFO - Pieza mala
2026-08-03 20:48:56,468 - INFO - Pieza mala
2026-08-03 20:48:56,548 - INFO - Pieza mala
2026-08-03 20:48:56,629 - INFO - Pieza mala
2026-08-03 20:48:56,710 - INFO - Pieza mala
2026-08-03 20:48:56,792 - INFO - Pieza mala
2026-08-03 20:48:56,872 - INFO - Pieza mala
2026-08-03 20:48:56,953 - INFO - Pieza mala
2026-08-03 20:48:57,036 - INFO - Pieza mala
2026-08-03 20:48:57,117 - INFO - Pieza mala
2026-08-03 20:48:57,199 - INFO - Pieza mala
2026-08-03 20:48:57,281 - INFO - Pieza mala
2026-08-03 20:48:57,362 - INFO - Pieza mala
2026-08-03 20:48:57,443 - INFO - Pieza mala
2026-08-03 20:48:57,523 - INFO - Pieza mala
2026-08-03 20:48:57,605 - INFO - Pieza mala
2026-08-03 20:48:57,686 - INFO - Pieza mala
2026-08-03 20:48:57,768 - INFO - Pieza mala
2026-08-03 20:48:57,849 - INFO - Pieza mala
2026-08-03 20:48:57,930 - INFO - Pieza mala
2026-08-03 20:48:58,011 - INFO - Pieza mala
2026-08-03 20:48:58,092 - INFO - Pieza mala
2026-08-03 20:48:58,173 - INFO - Pieza mala
2026-08-03 20:48:58,256 - INFO - Pieza mala
2026-08-03 20:48:58,336 - INFO - Pieza mala
2026-08-03 20:48:58,418 - INFO - Pieza mala
2026-08-03 20:48:58,498 - INFO - Pieza mala
2026-08-03 20:48:58,579 - INFO - Pieza mala
2026-08-03 20:48:58,661 - INFO - Pieza mala
2026-08-03 20:48:58,742 - INFO - Pieza mala
2026-08-03 20:48:58,823 - INFO - Pieza mala
2026-08-03 20:48:58,906 - INFO - Pieza mala
2026-08-03 20:48:58,987 - INFO - Pieza mala
2026-08-03 20:48:59,068 - INFO - Pieza mala
2026-08-03 20:48:59,150 - INFO - Pieza mala
2026-08-03 20:48:59,232 - INFO - Pieza mala
2026-08-03 20:49:54,479 - INFO - ['OK\n', 'OK\n', 'NOK\n']
2026-08-03 20:49:54,479 - INFO - [0.9788694, 0.9876259, 0.77973753]
2026-08-03 20:49:54,479 - INFO - ------------------
2026-08-03 20:49:54,519 - INFO - Pieza mala
2026-08-03 20:49:54,600 - INFO - Pieza mala
2026-08-03 20:49:54,681 - INFO - Pieza mala
2026-08-03 20:49:54,763 - INFO - Pieza mala
2026-08-03 20:49:54,845 - INFO - Pieza mala
2026-08-03 20:49:54,927 - INFO - Pieza mala
2026-08-03 20:49:55,008 - INFO - Pieza mala
2026-08-03 20:49:55,089 - INFO - Pieza mala
2026-08-03 20:49:55,171 - INFO - Pieza mala
2026-08-03 20:49:55,251 - INFO - Pieza mala
2026-08-03 20:49:55,332 - INFO - Pieza mala
2026-08-03 20:49:55,413 - INFO - Pieza mala
2026-08-03 20:49:55,495 - INFO - Pieza mala
2026-08-03 20:49:55,576 - INFO - Pieza mala
2026-08-03 20:49:55,657 - INFO - Pieza mala
2026-08-03 20:49:55,737 - INFO - Pieza mala
2026-08-03 20:49:55,818 - INFO - Pieza mala
2026-08-03 20:49:55,899 - INFO - Pieza mala
2026-08-03 20:49:55,980 - INFO - Pieza mala
2026-08-03 20:49:56,061 - INFO - Pieza mala
2026-08-03 20:49:56,143 - INFO - Pieza mala
2026-08-03 20:49:56,224 - INFO - Pieza mala
2026-08-03 20:49:56,306 - INFO - Pieza mala
2026-08-03 20:49:56,388 - INFO - Pieza mala
2026-08-03 20:49:56,468 - INFO - Pieza mala
2026-08-03 20:49:56,550 - INFO - Pieza mala
2026-08-03 20:49:56,631 - INFO - Pieza mala
2026-08-03 20:49:56,711 - INFO - Pieza mala
2026-08-03 20:49:56,792 - INFO - Pieza mala
2026-08-03 20:49:56,874 - INFO - Pieza mala
2026-08-03 20:49:56,956 - INFO - Pieza mala
2026-08-03 20:49:57,037 - INFO - Pieza mala
2026-08-03 20:49:57,119 - INFO - Pieza mala
2026-08-03 20:49:57,202 - INFO - Pieza mala
2026-08-03 20:49:57,282 - INFO - Pieza mala
2026-08-03 20:49:57,364 - INFO - Pieza mala
2026-08-03 20:49:57,445 - INFO - Pieza mala
2026-08-03 20:49:57,526 - INFO - Pieza mala
2026-08-03 20:49:57,608 - INFO - Pieza mala
2026-08-03 20:49:57,688 - INFO - Pieza mala
2026-08-03 20:49:57,770 - INFO - Pieza mala
2026-08-03 20:49:57,851 - INFO - Pieza mala
2026-08-03 20:49:57,933 - INFO - Pieza mala
2026-08-03 20:49:58,013 - INFO - Pieza mala
2026-08-03 20:49:58,096 - INFO - Pieza mala
2026-08-03 20:49:58,177 - INFO - Pieza mala
2026-08-03 20:49:58,258 - INFO - Pieza mala
2026-08-03 20:49:58,339 - INFO - Pieza mala
2026-08-03 20:49:58,420 - INFO - Pieza mala
2026-08-03 20:49:58,501 - INFO - Pieza mala
2026-08-03 20:49:58,583 - INFO - Pieza mala
2026-08-03 20:49:58,664 - INFO - Pieza mala
2026-08-03 20:49:58,747 - INFO - Pieza mala
2026-08-03 20:49:58,829 - INFO - Pieza mala
2026-08-03 20:49:58,909 - INFO - Pieza mala
2026-08-03 20:49:58,990 - INFO - Pieza mala
2026-08-03 20:49:59,072 - INFO - Pieza mala
2026-08-03 20:49:59,154 - INFO - Pieza mala
2026-08-03 20:49:59,235 - INFO - Pieza mala
2026-08-03 20:49:59,319 - INFO - Pieza mala
2026-08-03 20:49:59,399 - INFO - Pieza mala
2026-08-03 20:49:59,480 - INFO - Pieza mala
2026-08-03 20:49:59,561 - INFO - Pieza mala
2026-08-03 20:49:59,643 - INFO - Pieza mala
2026-08-03 20:49:59,724 - INFO - Pieza mala
2026-08-03 20:49:59,803 - INFO - Pieza mala
2026-08-03 20:49:59,884 - INFO - Pieza mala
2026-08-03 20:49:59,966 - INFO - Pieza mala
2026-08-03 20:50:00,048 - INFO - Pieza mala
2026-08-03 20:50:00,130 - INFO - Pieza mala
2026-08-03 20:50:00,211 - INFO - Pieza mala
2026-08-03 20:50:00,292 - INFO - Pieza mala
2026-08-03 20:50:00,375 - INFO - Pieza mala
2026-08-03 20:50:00,456 - INFO - Pieza mala
2026-08-03 20:50:00,537 - INFO - Pieza mala
2026-08-03 20:50:00,617 - INFO - Pieza mala
2026-08-03 20:50:00,698 - INFO - Pieza mala
2026-08-03 20:50:00,780 - INFO - Pieza mala
2026-08-03 20:50:00,862 - INFO - Pieza mala
2026-08-03 20:50:00,944 - INFO - Pieza mala
2026-08-03 20:50:01,024 - INFO - Pieza mala
2026-08-03 20:50:01,106 - INFO - Pieza mala
2026-08-03 20:50:01,187 - INFO - Pieza mala
2026-08-03 20:50:01,269 - INFO - Pieza mala
2026-08-03 20:50:01,350 - INFO - Pieza mala
2026-08-03 20:50:01,432 - INFO - Pieza mala
2026-08-03 20:50:01,513 - INFO - Pieza mala
2026-08-03 20:50:01,595 - INFO - Pieza mala
2026-08-03 20:50:01,676 - INFO - Pieza mala
2026-08-03 20:50:01,759 - INFO - Pieza mala
2026-08-03 20:50:01,840 - INFO - Pieza mala
2026-08-03 20:50:01,921 - INFO - Pieza mala
2026-08-03 20:50:02,003 - INFO - Pieza mala
2026-08-03 20:50:02,083 - INFO - Pieza mala
2026-08-03 20:50:02,166 - INFO - Pieza mala
2026-08-03 20:50:02,247 - INFO - Pieza mala
2026-08-03 20:50:02,327 - INFO - Pieza mala
2026-08-03 20:50:02,409 - INFO - Pieza mala
2026-08-03 20:50:02,490 - INFO - Pieza mala
2026-08-03 20:50:02,571 - INFO - Pieza mala
2026-08-03 20:50:02,652 - INFO - Pieza mala
2026-08-03 20:50:02,734 - INFO - Pieza mala
2026-08-03 20:50:02,816 - INFO - Pieza mala
2026-08-03 20:50:02,897 - INFO - Pieza mala
2026-08-03 20:50:02,979 - INFO - Pieza mala
2026-08-03 20:50:03,060 - INFO - Pieza mala
2026-08-03 20:50:03,141 - INFO - Pieza mala
2026-08-03 20:50:03,222 - INFO - Pieza mala
2026-08-03 20:50:03,305 - INFO - Pieza mala
2026-08-03 20:50:03,386 - INFO - Pieza mala
2026-08-03 20:50:03,467 - INFO - Pieza mala
2026-08-03 20:50:03,549 - INFO - Pieza mala
2026-08-03 20:50:03,631 - INFO - Pieza mala
2026-08-03 20:50:03,712 - INFO - Pieza mala
2026-08-03 20:50:03,792 - INFO - Pieza mala
2026-08-03 20:50:03,873 - INFO - Pieza mala
2026-08-03 20:50:03,954 - INFO - Pieza mala
2026-08-03 20:50:04,035 - INFO - Pieza mala
2026-08-03 20:50:04,116 - INFO - Pieza mala
2026-08-03 20:50:04,197 - INFO - Pieza mala
2026-08-03 20:50:04,279 - INFO - Pieza mala
2026-08-03 20:50:04,360 - INFO - Pieza mala
2026-08-03 20:50:04,441 - INFO - Pieza mala
2026-08-03 20:50:04,522 - INFO - Pieza mala
2026-08-03 20:50:04,603 - INFO - Pieza mala
2026-08-03 20:50:04,683 - INFO - Pieza mala
2026-08-03 20:50:04,764 - INFO - Pieza mala
2026-08-03 20:50:04,846 - INFO - Pieza mala
2026-08-03 20:50:04,927 - INFO - Pieza mala
2026-08-03 20:50:05,009 - INFO - Pieza mala
2026-08-03 20:50:05,090 - INFO - Pieza mala
2026-08-03 20:50:05,171 - INFO - Pieza mala
2026-08-03 20:50:05,252 - INFO - Pieza mala
2026-08-03 20:51:00,562 - INFO - ['NOK\n', 'NOK\n', 'NOK\n']
2026-08-03 20:51:00,562 - INFO - [0.56956905, 0.64633125, 0.9829045]
2026-08-03 20:51:00,562 - INFO - ------------------
2026-08-03 20:51:00,602 - INFO - Pieza mala
2026-08-03 20:51:00,684 - INFO - Pieza mala
2026-08-03 20:51:00,763 - INFO - Pieza mala
2026-08-03 20:51:00,845 - INFO - Pieza mala
2026-08-03 20:51:00,927 - INFO - Pieza mala
2026-08-03 20:51:01,010 - INFO - Pieza mala
2026-08-03 20:51:01,090 - INFO - Pieza mala
2026-08-03 20:51:01,171 - INFO - Pieza mala
2026-08-03 20:51:01,252 - INFO - Pieza mala
2026-08-03 20:51:01,334 - INFO - Pieza mala
2026-08-03 20:51:01,414 - INFO - Pieza mala
2026-08-03 20:51:01,495 - INFO - Pieza mala
2026-08-03 20:51:01,577 - INFO - Pieza mala
2026-08-03 20:51:01,659 - INFO - Pieza mala
2026-08-03 20:51:01,740 - INFO - Pieza mala
2026-08-03 20:51:01,821 - INFO - Pieza mala
2026-08-03 20:51:01,903 - INFO - Pieza mala
2026-08-03 20:51:01,984 - INFO - Pieza mala
2026-08-03 20:51:02,065 - INFO - Pieza mala
2026-08-03 20:51:02,146 - INFO - Pieza mala
2026-08-03 20:51:02,227 - INFO - Pieza mala
2026-08-03 20:51:02,308 - INFO - Pieza mala
2026-08-03 20:51:02,390 - INFO - Pieza mala
2026-08-03 20:51:02,471 - INFO - Pieza mala
2026-08-03 20:51:02,552 - INFO - Pieza mala
2026-08-03 20:51:02,634 - INFO - Pieza mala
2026-08-03 20:51:02,715 - INFO - Pieza mala
2026-08-03 20:51:02,796 - INFO - Pieza mala
2026-08-03 20:51:02,877 - INFO - Pieza mala
2026-08-03 20:51:02,959 - INFO - Pieza mala
2026-08-03 20:51:03,038 - INFO - Pieza mala
2026-08-03 20:51:03,121 - INFO - Pieza mala
2026-08-03 20:51:03,202 - INFO - Pieza mala
2026-08-03 20:51:03,283 - INFO - Pieza mala
2026-08-03 20:51:03,363 - INFO - Pieza mala
2026-08-03 20:51:03,446 - INFO - Pieza mala
2026-08-03 20:51:03,527 - INFO - Pieza mala
2026-08-03 20:51:03,610 - INFO - Pieza mala
2026-08-03 20:51:03,691 - INFO - Pieza mala
2026-08-03 20:51:03,774 - INFO - Pieza mala
2026-08-03 20:51:03,855 - INFO - Pieza mala
2026-08-03 20:51:03,935 - INFO - Pieza mala
2026-08-03 20:51:04,016 - INFO - Pieza mala
2026-08-03 20:51:04,098 - INFO - Pieza mala
2026-08-03 20:51:04,179 - INFO - Pieza mala
2026-08-03 20:51:04,262 - INFO - Pieza mala
2026-08-03 20:51:04,343 - INFO - Pieza mala
2026-08-03 20:51:04,424 - INFO - Pieza mala
2026-08-03 20:51:04,505 - INFO - Pieza mala
2026-08-03 20:51:04,587 - INFO - Pieza mala
2026-08-03 20:51:04,669 - INFO - Pieza mala
2026-08-03 20:51:04,752 - INFO - Pieza mala
2026-08-03 20:51:04,833 - INFO - Pieza mala
2026-08-03 20:51:04,915 - INFO - Pieza mala
2026-08-03 20:51:04,997 - INFO - Pieza mala
2026-08-03 20:51:05,080 - INFO - Pieza mala
2026-08-03 20:51:05,161 - INFO - Pieza mala
2026-08-03 20:51:05,242 - INFO - Pieza mala
2026-08-03 20:51:05,326 - INFO - Pieza mala
2026-08-03 20:51:05,406 - INFO - Pieza mala
2026-08-03 20:51:05,487 - INFO - Pieza mala
2026-08-03 20:51:05,568 - INFO - Pieza mala
2026-08-03 20:51:05,650 - INFO - Pieza mala
2026-08-03 20:51:05,731 - INFO - Pieza mala
2026-08-03 20:51:05,812 - INFO - Pieza mala
2026-08-03 20:51:05,894 - INFO - Pieza mala
2026-08-03 20:51:05,973 - INFO - Pieza mala
2026-08-03 20:51:06,053 - INFO - Pieza mala
2026-08-03 20:51:06,133 - INFO - Pieza mala
2026-08-03 20:51:06,216 - INFO - Pieza mala
2026-08-03 20:51:06,297 - INFO - Pieza mala
2026-08-03 20:51:06,377 - INFO - Pieza mala
2026-08-03 20:51:06,459 - INFO - Pieza mala
2026-08-03 20:51:06,541 - INFO - Pieza mala
2026-08-03 20:51:06,622 - INFO - Pieza mala
2026-08-03 20:51:06,703 - INFO - Pieza mala
2026-08-03 20:51:06,784 - INFO - Pieza mala
2026-08-03 20:51:06,863 - INFO - Pieza mala
2026-08-03 20:51:06,945 - INFO - Pieza mala
2026-08-03 20:51:07,026 - INFO - Pieza mala
2026-08-03 20:51:07,109 - INFO - Pieza mala
2026-08-03 20:51:07,190 - INFO - Pieza mala
2026-08-03 20:51:07,269 - INFO - Pieza mala
2026-08-03 20:51:07,350 - INFO - Pieza mala
2026-08-03 20:51:07,432 - INFO - Pieza mala
2026-08-03 20:51:07,514 - INFO - Pieza mala
2026-08-03 20:51:07,596 - INFO - Pieza mala
2026-08-03 20:51:07,676 - INFO - Pieza mala
2026-08-03 20:51:07,757 - INFO - Pieza mala
2026-08-03 20:51:07,836 - INFO - Pieza mala
2026-08-03 20:51:07,918 - INFO - Pieza mala
2026-08-03 20:51:07,999 - INFO - Pieza mala
2026-08-03 20:51:08,081 - INFO - Pieza mala
2026-08-03 20:51:08,161 - INFO - Pieza mala
2026-08-03 20:51:08,244 - INFO - Pieza mala
2026-08-03 20:51:08,325 - INFO - Pieza mala
2026-08-03 20:51:08,407 - INFO - Pieza mala
2026-08-03 20:51:08,489 - INFO - Pieza mala
2026-08-03 20:51:08,570 - INFO - Pieza mala
2026-08-03 20:51:08,652 - INFO - Pieza mala
2026-08-03 20:51:08,732 - INFO - Pieza mala
2026-08-03 20:51:08,814 - INFO - Pieza mala
2026-08-03 20:51:08,894 - INFO - Pieza mala
2026-08-03 20:51:08,974 - INFO - Pieza mala
2026-08-03 20:51:09,056 - INFO - Pieza mala
2026-08-03 20:51:09,138 - INFO - Pieza mala
2026-08-03 20:51:09,219 - INFO - Pieza mala
2026-08-03 20:51:09,302 - INFO - Pieza mala
2026-08-03 20:51:09,385 - INFO - Pieza mala
2026-08-03 20:51:09,466 - INFO - Pieza mala
2026-08-03 20:51:09,548 - INFO - Pieza mala
2026-08-03 20:51:09,629 - INFO - Pieza mala
2026-08-03 20:51:09,709 - INFO - Pieza mala
2026-08-03 20:51:09,791 - INFO - Pieza mala
2026-08-03 20:51:09,872 - INFO - Pieza mala
2026-08-03 20:51:09,953 - INFO - Pieza mala
2026-08-03 20:51:10,034 - INFO - Pieza mala
2026-08-03 20:51:10,114 - INFO - Pieza mala
2026-08-03 20:51:10,196 - INFO - Pieza mala
2026-08-03 20:51:10,279 - INFO - Pieza mala
2026-08-03 20:51:10,360 - INFO - Pieza mala
2026-08-03 20:51:10,441 - INFO - Pieza mala
2026-08-03 20:51:10,523 - INFO - Pieza mala
2026-08-03 20:51:10,605 - INFO - Pieza mala
2026-08-03 20:51:10,686 - INFO - Pieza mala
2026-08-03 20:51:10,767 - INFO - Pieza mala
2026-08-03 20:51:10,848 - INFO - Pieza mala
2026-08-03 20:51:10,929 - INFO - Pieza mala
2026-08-03 20:51:11,011 - INFO - Pieza mala
2026-08-03 20:51:11,092 - INFO - Pieza mala
2026-08-03 20:51:11,173 - INFO - Pieza mala
2026-08-03 20:51:11,255 - INFO - Pieza mala
2026-08-03 20:51:11,336 - INFO - Pieza mala
2026-08-03 20:51:11,417 - INFO - Pieza mala
2026-08-03 20:52:06,839 - INFO - ['NOK\n', 'OK\n', 'NOK\n']
2026-08-03 20:52:06,839 - INFO - [0.5097537, 0.996314, 0.9933895]
2026-08-03 20:52:06,839 - INFO - ------------------
2026-08-03 20:52:06,880 - INFO - Pieza mala
2026-08-03 20:52:06,960 - INFO - Pieza mala
2026-08-03 20:52:07,041 - INFO - Pieza mala
2026-08-03 20:52:07,122 - INFO - Pieza mala
2026-08-03 20:52:07,205 - INFO - Pieza mala
2026-08-03 20:52:07,286 - INFO - Pieza mala
2026-08-03 20:52:07,368 - INFO - Pieza mala
2026-08-03 20:52:07,450 - INFO - Pieza mala
2026-08-03 20:52:07,530 - INFO - Pieza mala
2026-08-03 20:52:07,611 - INFO - Pieza mala
2026-08-03 20:52:07,693 - INFO - Pieza mala
2026-08-03 20:52:07,774 - INFO - Pieza mala
2026-08-03 20:52:07,854 - INFO - Pieza mala
2026-08-03 20:52:07,936 - INFO - Pieza mala
2026-08-03 20:52:08,018 - INFO - Pieza mala
2026-08-03 20:52:08,098 - INFO - Pieza mala
2026-08-03 20:52:08,179 - INFO - Pieza mala
2026-08-03 20:52:08,261 - INFO - Pieza mala
2026-08-03 20:52:08,342 - INFO - Pieza mala
2026-08-03 20:52:08,423 - INFO - Pieza mala
2026-08-03 20:52:08,504 - INFO - Pieza mala
2026-08-03 20:52:08,584 - INFO - Pieza mala
2026-08-03 20:52:08,665 - INFO - Pieza mala
2026-08-03 20:52:08,747 - INFO - Pieza mala
2026-08-03 20:52:08,827 - INFO - Pieza mala
2026-08-03 20:52:08,910 - INFO - Pieza mala
2026-08-03 20:52:08,990 - INFO - Pieza mala
2026-08-03 20:52:09,071 - INFO - Pieza mala
2026-08-03 20:52:09,152 - INFO - Pieza mala
2026-08-03 20:52:09,235 - INFO - Pieza mala
2026-08-03 20:52:09,315 - INFO - Pieza mala
2026-08-03 20:52:09,398 - INFO - Pieza mala
2026-08-03 20:52:09,478 - INFO - Pieza mala
2026-08-03 20:52:09,560 - INFO - Pieza mala
2026-08-03 20:52:09,641 - INFO - Pieza mala
2026-08-03 20:52:09,722 - INFO - Pieza mala
2026-08-03 20:52:09,803 - INFO - Pieza mala
2026-08-03 20:52:09,883 - INFO - Pieza mala
2026-08-03 20:52:09,964 - INFO - Pieza mala
2026-08-03 20:52:10,045 - INFO - Pieza mala
2026-08-03 20:52:10,126 - INFO - Pieza mala
2026-08-03 20:52:10,207 - INFO - Pieza mala
2026-08-03 20:52:10,288 - INFO - Pieza mala
2026-08-03 20:52:10,369 - INFO - Pieza mala
2026-08-03 20:52:10,451 - INFO - Pieza mala
2026-08-03 20:52:10,533 - INFO - Pieza mala
2026-08-03 20:52:10,615 - INFO - Pieza mala
2026-08-03 20:52:10,697 - INFO - Pieza mala
2026-08-03 20:52:10,777 - INFO - Pieza mala
2026-08-03 20:52:10,857 - INFO - Pieza mala
2026-08-03 20:52:10,939 - INFO - Pieza mala
2026-08-03 20:52:11,020 - INFO - Pieza mala
2026-08-03 20:52:11,100 - INFO - Pieza mala
2026-08-03 20:52:11,181 - INFO - Pieza mala
2026-08-03 20:52:11,264 - INFO - Pieza mala
2026-08-03 20:52:11,344 - INFO - Pieza mala
2026-08-03 20:52:11,425 - INFO - Pieza mala
2026-08-03 20:52:11,507 - INFO - Pieza mala
2026-08-03 20:52:11,588 - INFO - Pieza mala
2026-08-03 20:52:11,668 - INFO - Pieza mala
2026-08-03 20:52:11,749 - INFO - Pieza mala
2026-08-03 20:52:11,831 - INFO - Pieza mala
2026-08-03 20:52:11,913 - INFO - Pieza mala
2026-08-03 20:52:11,994 - INFO - Pieza mala
2026-08-03 20:52:12,075 - INFO - Pieza mala
2026-08-03 20:52:12,156 - INFO - Pieza mala
2026-08-03 20:52:12,237 - INFO - Pieza mala
2026-08-03 20:52:12,319 - INFO - Pieza mala
2026-08-03 20:52:12,400 - INFO - Pieza mala
2026-08-03 20:52:12,481 - INFO - Pieza mala
2026-08-03 20:52:12,561 - INFO - Pieza mala
2026-08-03 20:52:12,641 - INFO - Pieza mala
2026-08-03 20:52:12,722 - INFO - Pieza mala
2026-08-03 20:52:12,803 - INFO - Pieza mala
2026-08-03 20:52:12,885 - INFO - Pieza mala
2026-08-03 20:52:12,967 - INFO - Pieza mala
2026-08-03 20:52:13,049 - INFO - Pieza mala
2026-08-03 20:52:13,131 - INFO - Pieza mala
2026-08-03 20:52:13,212 - INFO - Pieza mala
2026-08-03 20:52:13,293 - INFO - Pieza mala
2026-08-03 20:52:13,374 - INFO - Pieza mala
2026-08-03 20:52:13,455 - INFO - Pieza mala
2026-08-03 20:52:13,536 - INFO - Pieza mala
2026-08-03 20:52:13,618 - INFO - Pieza mala
2026-08-03 20:52:13,699 - INFO - Pieza mala
2026-08-03 20:52:13,779 - INFO - Pieza mala
2026-08-03 20:52:13,861 - INFO - Pieza mala
2026-08-03 20:52:13,942 - INFO - Pieza mala
2026-08-03 20:52:14,025 - INFO - Pieza mala
2026-08-03 20:52:14,106 - INFO - Pieza mala
2026-08-03 20:52:14,188 - INFO - Pieza mala
2026-08-03 20:52:14,270 - INFO - Pieza mala
2026-08-03 20:52:14,351 - INFO - Pieza mala
2026-08-03 20:52:14,434 - INFO - Pieza mala
2026-08-03 20:52:14,516 - INFO - Pieza mala
2026-08-03 20:52:14,597 - INFO - Pieza mala
2026-08-03 20:52:14,678 - INFO - Pieza mala
2026-08-03 20:52:14,760 - INFO - Pieza mala
2026-08-03 20:52:14,842 - INFO - Pieza mala
2026-08-03 20:52:14,921 - INFO - Pieza mala
2026-08-03 20:52:15,004 - INFO - Pieza mala
2026-08-03 20:52:15,086 - INFO - Pieza mala
2026-08-03 20:52:15,166 - INFO - Pieza mala
2026-08-03 20:52:15,247 - INFO - Pieza mala
2026-08-03 20:52:15,327 - INFO - Pieza mala
2026-08-03 20:52:15,409 - INFO - Pieza mala
2026-08-03 20:52:15,491 - INFO - Pieza mala
2026-08-03 20:52:15,573 - INFO - Pieza mala
2026-08-03 20:52:15,654 - INFO - Pieza mala
2026-08-03 20:52:15,734 - INFO - Pieza mala
2026-08-03 20:52:15,816 - INFO - Pieza mala
2026-08-03 20:52:15,896 - INFO - Pieza mala
2026-08-03 20:52:15,978 - INFO - Pieza mala
2026-08-03 20:52:16,059 - INFO - Pieza mala
2026-08-03 20:52:16,141 - INFO - Pieza mala
2026-08-03 20:52:16,222 - INFO - Pieza mala
2026-08-03 20:52:16,304 - INFO - Pieza mala
2026-08-03 20:52:16,385 - INFO - Pieza mala
2026-08-03 20:52:16,466 - INFO - Pieza mala
2026-08-03 20:52:16,548 - INFO - Pieza mala
2026-08-03 20:52:16,628 - INFO - Pieza mala
2026-08-03 20:52:16,709 - INFO - Pieza mala
2026-08-03 20:52:16,790 - INFO - Pieza mala
2026-08-03 20:52:16,871 - INFO - Pieza mala
2026-08-03 20:52:16,954 - INFO - Pieza mala
2026-08-03 20:52:17,034 - INFO - Pieza mala
2026-08-03 20:52:17,114 - INFO - Pieza mala
2026-08-03 20:52:17,197 - INFO - Pieza mala
2026-08-03 20:52:17,278 - INFO - Pieza mala
2026-08-03 20:52:17,361 - INFO - Pieza mala
2026-08-03 20:52:17,442 - INFO - Pieza mala
2026-08-03 20:52:17,523 - INFO - Pieza mala
2026-08-03 20:52:17,604 - INFO - Pieza mala
2026-08-03 20:53:12,917 - INFO - ['OK\n', 'OK\n', 'OK\n']
2026-08-03 20:53:12,917 - INFO - [0.99646395, 0.9999739, 0.84954965]
2026-08-03 20:53:12,917 - INFO - ------------------
2026-08-03 20:53:12,958 - INFO - Pieza buena
2026-08-03 20:53:45,715 - INFO - ---Fin del programa---
